ARM Linker, 5.03 [Build 76] [MDK-ARM Lite]

==============================================================================

Section Cross References

    startup_tm4c123.o(STACK) refers (Special) to heapauxi.o(.text) for __use_two_region_memory
    startup_tm4c123.o(HEAP) refers (Special) to heapauxi.o(.text) for __use_two_region_memory
    startup_tm4c123.o(RESET) refers (Special) to heapauxi.o(.text) for __use_two_region_memory
    startup_tm4c123.o(RESET) refers to startup_tm4c123.o(STACK) for __initial_sp
    startup_tm4c123.o(RESET) refers to startup_tm4c123.o(.text) for Reset_Handler
    startup_tm4c123.o(RESET) refers to source.o(i.GPIOA_Handler) for GPIOA_Handler
    startup_tm4c123.o(RESET) refers to source.o(i.TIMER2A_Handler) for TIMER2A_Handler
    startup_tm4c123.o(.text) refers (Special) to heapauxi.o(.text) for __use_two_region_memory
    startup_tm4c123.o(.text) refers to system_tm4c123.o(i.SystemInit) for SystemInit
    startup_tm4c123.o(.text) refers to __main.o(!!!main) for __main
    startup_tm4c123.o(.text) refers to startup_tm4c123.o(HEAP) for Heap_Mem
    startup_tm4c123.o(.text) refers to startup_tm4c123.o(STACK) for Stack_Mem
    system_tm4c123.o(i.SystemCoreClockUpdate) refers to system_tm4c123.o(i.getOscClk) for getOscClk
    system_tm4c123.o(i.SystemCoreClockUpdate) refers to system_tm4c123.o(.data) for SystemCoreClock
    source.o(i.ADCConversionFinished_ISR) refers to adc.o(i.ADCSequenceDataGet) for ADCSequenceDataGet
    source.o(i.ADCConversionFinished_ISR) refers to source.o(i.calculateObstacleDistance) for calculateObstacleDistance
    source.o(i.ADCConversionFinished_ISR) refers to source.o(.bss) for g_sensors
    source.o(i.ADC_Timer_Handler) refers to timer.o(i.TimerIntClear) for TimerIntClear
    source.o(i.ADC_Timer_Handler) refers to adc.o(i.ADCProcessorTrigger) for ADCProcessorTrigger
    source.o(i.ADC_Timer_Handler) refers to f2d.o(x$fpl$f2d) for __aeabi_f2d
    source.o(i.ADC_Timer_Handler) refers to ddiv.o(x$fpl$ddiv) for __aeabi_ddiv
    source.o(i.ADC_Timer_Handler) refers to d2f.o(x$fpl$d2f) for __aeabi_d2f
    source.o(i.ADC_Timer_Handler) refers to source.o(.data) for Pi
    source.o(i.ADC_Timer_Init) refers to dflt_clz.o(x$fpl$dfltu) for __aeabi_ui2d
    source.o(i.ADC_Timer_Init) refers to sysctl.o(i.SysCtlClockGet) for SysCtlClockGet
    source.o(i.ADC_Timer_Init) refers to dmul.o(x$fpl$dmul) for __aeabi_dmul
    source.o(i.ADC_Timer_Init) refers to daddsub_clz.o(x$fpl$dsub) for __aeabi_dsub
    source.o(i.ADC_Timer_Init) refers to dfixu.o(x$fpl$dfixu) for __aeabi_d2uiz
    source.o(i.ADC_Timer_Init) refers to sysctl.o(i.SysCtlPeripheralEnable) for SysCtlPeripheralEnable
    source.o(i.ADC_Timer_Init) refers to sysctl.o(i.SysCtlPeripheralReady) for SysCtlPeripheralReady
    source.o(i.ADC_Timer_Init) refers to timer.o(i.TimerConfigure) for TimerConfigure
    source.o(i.ADC_Timer_Init) refers to timer.o(i.TimerLoadSet) for TimerLoadSet
    source.o(i.ADC_Timer_Init) refers to interrupt.o(i.IntEnable) for IntEnable
    source.o(i.ADC_Timer_Init) refers to timer.o(i.TimerIntEnable) for TimerIntEnable
    source.o(i.ADC_Timer_Init) refers to timer.o(i.TimerEnable) for TimerEnable
    source.o(i.ADC_Timer_Init) refers to timer.o(i.TimerIntRegister) for TimerIntRegister
    source.o(i.ADC_Timer_Init) refers to source.o(i.ADC_Timer_Handler) for ADC_Timer_Handler
    source.o(i.ADC_init) refers to sysctl.o(i.SysCtlPeripheralReset) for SysCtlPeripheralReset
    source.o(i.ADC_init) refers to sysctl.o(i.SysCtlPeripheralEnable) for SysCtlPeripheralEnable
    source.o(i.ADC_init) refers to sysctl.o(i.SysCtlPeripheralReady) for SysCtlPeripheralReady
    source.o(i.ADC_init) refers to adc.o(i.ADCSequenceConfigure) for ADCSequenceConfigure
    source.o(i.ADC_init) refers to adc.o(i.ADCClockConfigSet) for ADCClockConfigSet
    source.o(i.ADC_init) refers to adc.o(i.ADCSequenceStepConfigure) for ADCSequenceStepConfigure
    source.o(i.ADC_init) refers to adc.o(i.ADCSequenceEnable) for ADCSequenceEnable
    source.o(i.ADC_init) refers to adc.o(i.ADCIntEnable) for ADCIntEnable
    source.o(i.ADC_init) refers to adc.o(i.ADCIntRegister) for ADCIntRegister
    source.o(i.ADC_init) refers to source.o(i.ADC_Timer_Init) for ADC_Timer_Init
    source.o(i.ADC_init) refers to source.o(i.ADCConversionFinished_ISR) for ADCConversionFinished_ISR
    source.o(i.CalculateDistance) refers to source.o(.data) for Pi
    source.o(i.CalculateVelocity) refers to source.o(.data) for TotalDistanceMoved
    source.o(i.GPIOA_Handler) refers to source.o(i.CalculateDistance) for CalculateDistance
    source.o(i.GPIOA_Handler) refers to source.o(i.ResetDistanceWheelRevs) for ResetDistanceWheelRevs
    source.o(i.GPIOA_Handler) refers to source.o(i.stop) for stop
    source.o(i.GPIOA_Handler) refers to source.o(i.UARTSend) for UARTSend
    source.o(i.GPIOA_Handler) refers to source.o(.data) for NumberOfWheelRevs
[...]
    ../clib/signal.c                         0x00000000   Number         0  __raise.o ABSOLUTE
    ../clib/signal.c                         0x00000000   Number         0  defsig_other.o ABSOLUTE
    ../clib/signal.c                         0x00000000   Number         0  defsig_exit.o ABSOLUTE
    ../clib/signal.c                         0x00000000   Number         0  defsig_rtmem_formal.o ABSOLUTE
    ../clib/signal.c                         0x00000000   Number         0  defsig_rtmem_outer.o ABSOLUTE
    ../clib/signal.c                         0x00000000   Number         0  defsig_rtmem_inner.o ABSOLUTE
    ../clib/signal.s                         0x00000000   Number         0  defsig.o ABSOLUTE
    ../clib/stdlib.c                         0x00000000   Number         0  exit.o ABSOLUTE
    ../clib/string.c                         0x00000000   Number         0  strlen.o ABSOLUTE
    ../fplib/d2f.s                           0x00000000   Number         0  d2f.o ABSOLUTE
    ../fplib/daddsub.s                       0x00000000   Number         0  daddsub_clz.o ABSOLUTE
    ../fplib/dcmpi.s                         0x00000000   Number         0  dcmpi.o ABSOLUTE
    ../fplib/ddiv.s                          0x00000000   Number         0  ddiv.o ABSOLUTE
    ../fplib/dfix.s                          0x00000000   Number         0  dfix.o ABSOLUTE
    ../fplib/dfixu.s                         0x00000000   Number         0  dfixu.o ABSOLUTE
    ../fplib/dflt.s                          0x00000000   Number         0  dflt_clz.o ABSOLUTE
    ../fplib/dleqf.s                         0x00000000   Number         0  dleqf.o ABSOLUTE
    ../fplib/dmul.s                          0x00000000   Number         0  dmul.o ABSOLUTE
    ../fplib/dnaninf.s                       0x00000000   Number         0  dnaninf.o ABSOLUTE
    ../fplib/dretinf.s                       0x00000000   Number         0  dretinf.o ABSOLUTE
    ../fplib/f2d.s                           0x00000000   Number         0  f2d.o ABSOLUTE
    ../fplib/fnaninf.s                       0x00000000   Number         0  fnaninf.o ABSOLUTE
    ../fplib/fpinit.s                        0x00000000   Number         0  fpinit.o ABSOLUTE
    ../fplib/fretinf.s                       0x00000000   Number         0  fretinf.o ABSOLUTE
    ../fplib/usenofp.s                       0x00000000   Number         0  usenofp.o ABSOLUTE
    ../mathlib/fabs.c                        0x00000000   Number         0  fabs.o ABSOLUTE
    adc.c                                    0x00000000   Number         0  adc.o ABSOLUTE
    cpu.c                                    0x00000000   Number         0  cpu.o ABSOLUTE
    cpu.c                                    0x00000000   Number         0  cpu.o ABSOLUTE
    dc.s                                     0x00000000   Number         0  dc.o ABSOLUTE
    gpio.c                                   0x00000000   Number         0  gpio.o ABSOLUTE
    interrupt.c                              0x00000000   Number         0  interrupt.o ABSOLUTE
    source.c                                 0x00000000   Number         0  source.o ABSOLUTE
    startup_TM4C123.s                        0x00000000   Number         0  startup_tm4c123.o ABSOLUTE
    sysctl.c                                 0x00000000   Number         0  sysctl.o ABSOLUTE
    sysctl.c                                 0x00000000   Number         0  sysctl.o ABSOLUTE
    system_TM4C123.c                         0x00000000   Number         0  system_tm4c123.o ABSOLUTE
    system_TM4C123.c                         0x00000000   Number         0  system_tm4c123.o ABSOLUTE
    systick.c                                0x00000000   Number         0  systick.o ABSOLUTE
    timer.c                                  0x00000000   Number         0  timer.o ABSOLUTE
    uart.c                                   0x00000000   Number         0  uart.o ABSOLUTE
    !!!main                                  0x0000026c   Section        8  __main.o(!!!main)
    !!!scatter                               0x00000274   Section       52  __scatter.o(!!!scatter)
    !!dczerorl                               0x000002a8   Section       58  __dczerorl.o(!!dczerorl)
    !!handler_zi                             0x000002e4   Section       28  __scatter_zi.o(!!handler_zi)
    .ARM.Collect$$libinit$$00000000          0x00000300   Section        2  libinit.o(.ARM.Collect$$libinit$$00000000)
    .ARM.Collect$$libinit$$00000001          0x00000302   Section        4  libinit2.o(.ARM.Collect$$libinit$$00000001)
    .ARM.Collect$$libinit$$00000008          0x00000306   Section        0  libinit2.o(.ARM.Collect$$libinit$$00000008)
    .ARM.Collect$$libinit$$0000000A          0x00000306   Section        0  libinit2.o(.ARM.Collect$$libinit$$0000000A)
    .ARM.Collect$$libinit$$0000000C          0x00000306   Section        0  libinit2.o(.ARM.Collect$$libinit$$0000000C)
    .ARM.Collect$$libinit$$0000000F          0x00000306   Section        0  libinit2.o(.ARM.Collect$$libinit$$0000000F)
    .ARM.Collect$$libinit$$00000011          0x00000306   Section        0  libinit2.o(.ARM.Collect$$libinit$$00000011)
    .ARM.Collect$$libinit$$00000013          0x00000306   Section        0  libinit2.o(.ARM.Collect$$libinit$$00000013)
    .ARM.Collect$$libinit$$00000015          0x00000306   Section        0  libinit2.o(.ARM.Collect$$libinit$$00000015)
    .ARM.Collect$$libinit$$00000017          0x00000306   Section        0  libinit2.o(.ARM.Collect$$libinit$$00000017)
    .ARM.Collect$$libinit$$00000019          0x00000306   Section        0  libinit2.o(.ARM.Collect$$libinit$$00000019)
    .ARM.Collect$$libinit$$0000001B          0x00000306   Section        0  libinit2.o(.ARM.Collect$$libinit$$0000001B)
    .ARM.Collect$$libinit$$0000001D          0x00000306   Section        0  libinit2.o(.ARM.Collect$$libinit$$0000001D)
    .ARM.Collect$$libinit$$0000001F          0x00000306   Section        0  libinit2.o(.ARM.Collect$$libinit$$0000001F)
    .ARM.Collect$$libinit$$00000021          0x00000306   Section        0  libinit2.o(.ARM.Collect$$libinit$$00000021)
    .ARM.Collect$$libinit$$00000023          0x00000306   Section        0  libinit2.o(.ARM.Collect$$libinit$$00000023)
    .ARM.Collect$$libinit$$0000002A          0x00000306   Section        0  libinit2.o(.ARM.Collect$$libinit$$0000002A)
    .ARM.Collect$$libinit$$0000002C          0x00000306   Section        0  libinit2.o(.ARM.Collect$$libinit$$0000002C)
    .ARM.Collect$$libinit$$0000002E          0x00000306   Section        0  libinit2.o(.ARM.Collect$$libinit$$0000002E)
    .ARM.Collect$$libinit$$00000030          0x00000306   Section        0  libinit2.o(.ARM.Collect$$libinit$$00000030)
    .ARM.Collect$$libinit$$00000031          0x00000306   Section        2  libinit2.o(.ARM.Collect$$libinit$$00000031)
    .ARM.Collect$$libshutdown$$00000000      0x00000308   Section        2  libshutdown.o(.ARM.Collect$$libshutdown$$00000000)
    .ARM.Collect$$libshutdown$$00000003      0x0000030a   Section        0  libshutdown2.o(.ARM.Collect$$libshutdown$$00000003)
    .ARM.Collect$$libshutdown$$00000006      0x0000030a   Section        0  libshutdown2.o(.ARM.Collect$$libshutdown$$00000006)
    .ARM.Collect$$libshutdown$$00000009      0x0000030a   Section        0  libshutdown2.o(.ARM.Collect$$libshutdown$$00000009)
    .ARM.Collect$$libshutdown$$0000000B      0x0000030a   Section        0  libshutdown2.o(.ARM.Collect$$libshutdown$$0000000B)
    .ARM.Collect$$libshutdown$$0000000E      0x0000030a   Section        0  libshutdown2.o(.ARM.Collect$$libshutdown$$0000000E)
    .ARM.Collect$$libshutdown$$0000000F      0x0000030a   Section        2  libshutdown2.o(.ARM.Collect$$libshutdown$$0000000F)
    .ARM.Collect$$rtentry$$00000000          0x0000030c   Section        0  rtentry.o(.ARM.Collect$$rtentry$$00000000)
    .ARM.Collect$$rtentry$$00000002          0x0000030c   Section        0  rtentry2.o(.ARM.Collect$$rtentry$$00000002)
    .ARM.Collect$$rtentry$$00000004          0x0000030c   Section        6  rtentry4.o(.ARM.Collect$$rtentry$$00000004)
    .ARM.Collect$$rtentry$$00000009          0x00000312   Section        0  rtentry2.o(.ARM.Collect$$rtentry$$00000009)
    .ARM.Collect$$rtentry$$0000000A          0x00000312   Section        4  rtentry2.o(.ARM.Collect$$rtentry$$0000000A)
    .ARM.Collect$$rtentry$$0000000C          0x00000316   Section        0  rtentry2.o(.ARM.Collect$$rtentry$$0000000C)
    .ARM.Collect$$rtentry$$0000000D          0x00000316   Section        8  rtentry2.o(.ARM.Collect$$rtentry$$0000000D)
    .ARM.Collect$$rtexit$$00000000           0x0000031e   Section        2  rtexit.o(.ARM.Collect$$rtexit$$00000000)
    .ARM.Collect$$rtexit$$00000002           0x00000320   Section        0  rtexit2.o(.ARM.Collect$$rtexit$$00000002)
    .ARM.Collect$$rtexit$$00000003           0x00000320   Section        4  rtexit2.o(.ARM.Collect$$rtexit$$00000003)
    .ARM.Collect$$rtexit$$00000004           0x00000324   Section        6  rtexit2.o(.ARM.Collect$$rtexit$$00000004)
    .emb_text                                0x0000032c   Section        6  sysctl.o(.emb_text)
    $v0                                      0x0000032c   Number         0  sysctl.o(.emb_text)
    .emb_text                                0x00000334   Section       38  cpu.o(.emb_text)
    $v0                                      0x00000334   Number         0  cpu.o(.emb_text)
    .text                                    0x0000035c   Section      276  startup_tm4c123.o(.text)
    $v0                                      0x0000035c   Number         0  startup_tm4c123.o(.text)
    .text                                    0x00000470   Section        0  strlen.o(.text)
    .text                                    0x000004b0   Section      128  strcmpv7m.o(.text)
    .text                                    0x00000530   Section        0  heapauxi.o(.text)
    .text                                    0x00000536   Section       74  sys_stackheap_outer.o(.text)
    .text                                    0x00000580   Section        0  exit.o(.text)
    .text                                    0x0000058c   Section        8  libspace.o(.text)
    .text                                    0x00000594   Section        0  sys_exit.o(.text)
    .text                                    0x000005a0   Section        2  use_no_semi.o(.text)
    .text                                    0x000005a2   Section        0  indicate_semi.o(.text)
    i.ADCClockConfigSet                      0x000005a2   Section        0  adc.o(i.ADCClockConfigSet)
    i.ADCConversionFinished_ISR              0x000005c0   Section        0  source.o(i.ADCConversionFinished_ISR)
    i.ADCIntEnable                           0x000005f0   Section        0  adc.o(i.ADCIntEnable)
    i.ADCIntRegister                         0x00000600   Section        0  adc.o(i.ADCIntRegister)
    i.ADCProcessorTrigger                    0x00000668   Section        0  adc.o(i.ADCProcessorTrigger)
    i.ADCSequenceConfigure                   0x00000684   Section        0  adc.o(i.ADCSequenceConfigure)
    i.ADCSequenceDataGet                     0x000006ec   Section        0  adc.o(i.ADCSequenceDataGet)
    i.ADCSequenceEnable                      0x00000710   Section        0  adc.o(i.ADCSequenceEnable)
    i.ADCSequenceStepConfigure               0x0000071e   Section        0  adc.o(i.ADCSequenceStepConfigure)
    i.ADC_Timer_Handler                      0x000007b8   Section        0  source.o(i.ADC_Timer_Handler)
    i.ADC_Timer_Init                         0x00000888   Section        0  source.o(i.ADC_Timer_Init)
    i.ADC_init                               0x00000978   Section        0  source.o(i.ADC_init)
    i.CalculateDistance                      0x00000a24   Section        0  source.o(i.CalculateDistance)
    i.CalculateVelocity                      0x00000a64   Section        0  source.o(i.CalculateVelocity)
    i.EnableI2CModule0                       0x00000ab0   Section        0  source.o(i.EnableI2CModule0)
    i.GPIOA_Handler                          0x00000b48   Section        0  source.o(i.GPIOA_Handler)
    i.GPIODirModeSet                         0x00000bf8   Section        0  gpio.o(i.GPIODirModeSet)
    i.GPIOPadConfigSet                       0x00000c20   Section        0  gpio.o(i.GPIOPadConfigSet)
    i.GPIOPinConfigure                       0x00000d58   Section        0  gpio.o(i.GPIOPinConfigure)
    i.GPIOPinRead                            0x00000d9c   Section        0  gpio.o(i.GPIOPinRead)
    i.GPIOPinTypeADC                         0x00000da2   Section        0  gpio.o(i.GPIOPinTypeADC)
    i.GPIOPinTypeGPIOInput                   0x00000dbe   Section        0  gpio.o(i.GPIOPinTypeGPIOInput)
    i.GPIOPinTypeGPIOOutput                  0x00000dda   Section        0  gpio.o(i.GPIOPinTypeGPIOOutput)
    i.GPIOPinTypeUART                        0x00000df6   Section        0  gpio.o(i.GPIOPinTypeUART)
    i.GPIOPinWrite                           0x00000e12   Section        0  gpio.o(i.GPIOPinWrite)
    i.IntEnable                              0x00000e18   Section        0  interrupt.o(i.IntEnable)
    i.IntMasterEnable                        0x00000e7c   Section        0  interrupt.o(i.IntMasterEnable)
    i.IntRegister                            0x00000e8c   Section        0  interrupt.o(i.IntRegister)
    i.IntUnregister                          0x00000ec0   Section        0  interrupt.o(i.IntUnregister)
    i.MoveDistance                           0x00000ed4   Section        0  source.o(i.MoveDistance)
    i.PortAInit                              0x00000f00   Section        0  source.o(i.PortAInit)
    i.PortB_Init                             0x00000fe8   Section        0  source.o(i.PortB_Init)
    i.ReadAccel                              0x00001010   Section        0  source.o(i.ReadAccel)
    i.ReadAccelX                             0x000011f8   Section        0  source.o(i.ReadAccelX)
    i.ReadAccelY                             0x000012a0   Section        0  source.o(i.ReadAccelY)
    i.ReadAccelZ                             0x00001348   Section        0  source.o(i.ReadAccelZ)
    i.RelaysPorts_Init                       0x000013f0   Section        0  source.o(i.RelaysPorts_Init)
    i.ResetDistanceWheelRevs                 0x00001418   Section        0  source.o(i.ResetDistanceWheelRevs)
    i.StartTimer2                            0x00001444   Section        0  source.o(i.StartTimer2)
    i.SysCtlClockGet                         0x00001458   Section        0  sysctl.o(i.SysCtlClockGet)
    i.SysCtlClockSet                         0x000015ac   Section        0  sysctl.o(i.SysCtlClockSet)
    i.SysCtlLDOSleepSet                      0x000016cc   Section        0  sysctl.o(i.SysCtlLDOSleepSet)
    i.SysCtlPeripheralClockGating            0x000016d8   Section        0  sysctl.o(i.SysCtlPeripheralClockGating)
    i.SysCtlPeripheralEnable                 0x0000171c   Section        0  sysctl.o(i.SysCtlPeripheralEnable)
    i.SysCtlPeripheralReady                  0x00001744   Section        0  sysctl.o(i.SysCtlPeripheralReady)
    i.SysCtlPeripheralReset                  0x00001770   Section        0  sysctl.o(i.SysCtlPeripheralReset)
    i.SysCtlPeripheralSleepEnable            0x000017ac   Section        0  sysctl.o(i.SysCtlPeripheralSleepEnable)
    i.SysCtlSleepPowerSet                    0x000017d4   Section        0  sysctl.o(i.SysCtlSleepPowerSet)
    i.SysTickDisable                         0x000017e0   Section        0  systick.o(i.SysTickDisable)
    i.SysTickEnable                          0x000017ee   Section        0  systick.o(i.SysTickEnable)
    i.SysTickIntDisable                      0x000017fc   Section        0  systick.o(i.SysTickIntDisable)
    i.SysTickIntEnable                       0x0000180a   Section        0  systick.o(i.SysTickIntEnable)
    i.SysTickIntRegister                     0x00001818   Section        0  systick.o(i.SysTickIntRegister)
    i.SysTickIntUnregister                   0x00001830   Section        0  systick.o(i.SysTickIntUnregister)
    i.SysTickPeriodSet                       0x00001842   Section        0  systick.o(i.SysTickPeriodSet)
    i.SysTickStopMotors_ISR                  0x0000184c   Section        0  source.o(i.SysTickStopMotors_ISR)
    i.SysTickmoveTowardLight_ISR             0x0000186c   Section        0  source.o(i.SysTickmoveTowardLight_ISR)
    i.SystemInit                             0x000018bc   Section        0  system_tm4c123.o(i.SystemInit)
    i.SystickLineDetector_ISR                0x00001954   Section        0  source.o(i.SystickLineDetector_ISR)
    i.Systick_Init                           0x00001960   Section        0  source.o(i.Systick_Init)
    i.TIMER2A_Handler                        0x00001a1c   Section        0  source.o(i.TIMER2A_Handler)
    i.Timer2Init                             0x00001a48   Section        0  source.o(i.Timer2Init)
    i.TimerConfigure                         0x00001abc   Section        0  timer.o(i.TimerConfigure)
    i.TimerEnable                            0x00001b1c   Section        0  timer.o(i.TimerEnable)
    i.TimerIntClear                          0x00001b2a   Section        0  timer.o(i.TimerIntClear)
    i.TimerIntEnable                         0x00001b2e   Section        0  timer.o(i.TimerIntEnable)
    i.TimerIntRegister                       0x00001b38   Section        0  timer.o(i.TimerIntRegister)
    i.TimerLoadSet                           0x00001ba0   Section        0  timer.o(i.TimerLoadSet)
    i.UART3_Init                             0x00001bb4   Section        0  source.o(i.UART3_Init)
    i.UARTCharGet                            0x00001c44   Section        0  uart.o(i.UARTCharGet)
    i.UARTCharPut                            0x00001c50   Section        0  uart.o(i.UARTCharPut)
    i.UARTConfigSetExpClk                    0x00001c5c   Section        0  uart.o(i.UARTConfigSetExpClk)
    i.UARTEnable                             0x00001cca   Section        0  uart.o(i.UARTEnable)
    i.UARTFIFODisable                        0x00001cde   Section        0  uart.o(i.UARTFIFODisable)
    i.UARTIntClear                           0x00001ce8   Section        0  uart.o(i.UARTIntClear)
    i.UARTIntEnable                          0x00001cec   Section        0  uart.o(i.UARTIntEnable)
    i.UARTIntRegister                        0x00001cf4   Section        0  uart.o(i.UARTIntRegister)
    i.UARTSend                               0x00001d4c   Section        0  source.o(i.UARTSend)
    i.WriteRegister                          0x00001d70   Section        0  source.o(i.WriteRegister)
    i._IntDefaultHandler                     0x00001db0   Section        0  interrupt.o(i._IntDefaultHandler)
    _IntDefaultHandler                       0x00001db1   Thumb Code     2  interrupt.o(i._IntDefaultHandler)
    i.__hardfp_fabs                          0x00001db2   Section        0  fabs.o(i.__hardfp_fabs)
    i.bluetoothHandler                       0x00001dc8   Section        0  source.o(i.bluetoothHandler)
    i.calculateObstacleDistance              0x00001e24   Section        0  source.o(i.calculateObstacleDistance)
    i.exitCurrentMode                        0x00001e38   Section        0  source.o(i.exitCurrentMode)
    i.followLight                            0x00001e98   Section        0  source.o(i.followLight)
    i.itos                                   0x00001ec8   Section        0  source.o(i.itos)
    i.lightSensorsInit                       0x00001f34   Section        0  source.o(i.lightSensorsInit)
    i.lineDetector                           0x00001f5c   Section        0  source.o(i.lineDetector)
    i.main                                   0x00002170   Section        0  source.o(i.main)
    i.move                                   0x000021b0   Section        0  source.o(i.move)
    i.moveBackward                           0x000021f8   Section        0  source.o(i.moveBackward)
    i.moveBackwardLeft                       0x00002208   Section        0  source.o(i.moveBackwardLeft)
    i.moveBackwardRight                      0x00002218   Section        0  source.o(i.moveBackwardRight)
    i.moveForward                            0x00002228   Section        0  source.o(i.moveForward)
    i.moveForwardLeft                        0x00002238   Section        0  source.o(i.moveForwardLeft)
    i.moveForwardRight                       0x00002248   Section        0  source.o(i.moveForwardRight)
    i.moveLeft                               0x00002258   Section        0  source.o(i.moveLeft)
    i.moveRight                              0x00002268   Section        0  source.o(i.moveRight)
    i.parseCmd                               0x00002278   Section        0  source.o(i.parseCmd)
    i.query                                  0x00002350   Section        0  source.o(i.query)
    i.resolveCmd                             0x00002614   Section        0  source.o(i.resolveCmd)
    i.sendFloat                              0x00002838   Section        0  source.o(i.sendFloat)
    i.sendInt                                0x00002990   Section        0  source.o(i.sendInt)
    i.setup                                  0x00002ab4   Section        0  source.o(i.setup)
    i.simpleControl                          0x00002b28   Section        0  source.o(i.simpleControl)
    i.stop                                   0x00002b3a   Section        0  source.o(i.stop)
    i.stringToInt                            0x00002b4c   Section        0  source.o(i.stringToInt)
    x$fpl$d2f                                0x00002c08   Section       98  d2f.o(x$fpl$d2f)
    $v0                                      0x00002c08   Number         0  d2f.o(x$fpl$d2f)
    x$fpl$dadd                               0x00002c6c   Section      336  daddsub_clz.o(x$fpl$dadd)
    $v0                                      0x00002c6c   Number         0  daddsub_clz.o(x$fpl$dadd)
    _dadd1                                   0x00002c7d   Thumb Code     0  daddsub_clz.o(x$fpl$dadd)
    x$fpl$dcmpinf                            0x00002dbc   Section       24  dcmpi.o(x$fpl$dcmpinf)
    $v0                                      0x00002dbc   Number         0  dcmpi.o(x$fpl$dcmpinf)
    x$fpl$ddiv                               0x00002dd4   Section      688  ddiv.o(x$fpl$ddiv)
    $v0                                      0x00002dd4   Number         0  ddiv.o(x$fpl$ddiv)
    ddiv_entry                               0x00002ddb   Thumb Code     0  ddiv.o(x$fpl$ddiv)
    x$fpl$dfix                               0x00003084   Section       94  dfix.o(x$fpl$dfix)
    $v0                                      0x00003084   Number         0  dfix.o(x$fpl$dfix)
    x$fpl$dfixu                              0x000030e4   Section       90  dfixu.o(x$fpl$dfixu)
    $v0                                      0x000030e4   Number         0  dfixu.o(x$fpl$dfixu)
    x$fpl$dflt                               0x0000313e   Section       46  dflt_clz.o(x$fpl$dflt)
    $v0                                      0x0000313e   Number         0  dflt_clz.o(x$fpl$dflt)
    x$fpl$dfltu                              0x0000316c   Section       38  dflt_clz.o(x$fpl$dfltu)
    $v0                                      0x0000316c   Number         0  dflt_clz.o(x$fpl$dfltu)
    x$fpl$dleqf                              0x00003194   Section      120  dleqf.o(x$fpl$dleqf)
    $v0                                      0x00003194   Number         0  dleqf.o(x$fpl$dleqf)
    x$fpl$dmul                               0x0000320c   Section      340  dmul.o(x$fpl$dmul)
    $v0                                      0x0000320c   Number         0  dmul.o(x$fpl$dmul)
    x$fpl$dnaninf                            0x00003360   Section      156  dnaninf.o(x$fpl$dnaninf)
    $v0                                      0x00003360   Number         0  dnaninf.o(x$fpl$dnaninf)
    x$fpl$dretinf                            0x000033fc   Section       12  dretinf.o(x$fpl$dretinf)
    $v0                                      0x000033fc   Number         0  dretinf.o(x$fpl$dretinf)
    x$fpl$drsb                               0x00003408   Section       22  daddsub_clz.o(x$fpl$drsb)
    $v0                                      0x00003408   Number         0  daddsub_clz.o(x$fpl$drsb)
    x$fpl$dsub                               0x00003420   Section      468  daddsub_clz.o(x$fpl$dsub)
    $v0                                      0x00003420   Number         0  daddsub_clz.o(x$fpl$dsub)
    _dsub1                                   0x00003431   Thumb Code     0  daddsub_clz.o(x$fpl$dsub)
    x$fpl$f2d                                0x000035f4   Section       86  f2d.o(x$fpl$f2d)
    $v0                                      0x000035f4   Number         0  f2d.o(x$fpl$f2d)
    x$fpl$fnaninf                            0x0000364a   Section      140  fnaninf.o(x$fpl$fnaninf)
    $v0                                      0x0000364a   Number         0  fnaninf.o(x$fpl$fnaninf)
    x$fpl$fpinit                             0x000036d6   Section       10  fpinit.o(x$fpl$fpinit)
    $v0                                      0x000036d6   Number         0  fpinit.o(x$fpl$fpinit)
    x$fpl$fretinf                            0x000036e0   Section       10  fretinf.o(x$fpl$fretinf)
    $v0                                      0x000036e0   Number         0  fretinf.o(x$fpl$fretinf)
    x$fpl$usenofp                            0x000036ea   Section        0  usenofp.o(x$fpl$usenofp)
    .constdata                               0x000036ec   Section       16  source.o(.constdata)
    .constdata                               0x000036fc   Section      528  gpio.o(.constdata)
    g_ppui32GPIOIntMapBlizzard               0x000036fc   Data         192  gpio.o(.constdata)
    g_ppui32GPIOIntMapSnowflake              0x000037bc   Data         192  gpio.o(.constdata)
    g_pui32GPIOBaseAddrs                     0x0000387c   Data         144  gpio.o(.constdata)
    .constdata                               0x0000390c   Section      268  interrupt.o(.constdata)
    g_pui32Priority                          0x0000390c   Data          32  interrupt.o(.constdata)
    g_pui32Regs                              0x0000392c   Data         156  interrupt.o(.constdata)
    g_pui32EnRegs                            0x000039c8   Data          20  interrupt.o(.constdata)
    g_pui32Dii16Regs                         0x000039dc   Data          20  interrupt.o(.constdata)
    g_pui32PendRegs                          0x000039f0   Data          20  interrupt.o(.constdata)
    g_pui32UnpendRegs                        0x00003a04   Data          20  interrupt.o(.constdata)
    .constdata                               0x00003a18   Section      596  sysctl.o(.constdata)
    g_pui32VCOFrequencies                    0x00003a18   Data           8  sysctl.o(.constdata)
    g_pui32Xtals                             0x00003a20   Data         108  sysctl.o(.constdata)
    g_pppui32XTALtoVCO                       0x00003a8c   Data         432  sysctl.o(.constdata)
    g_sXTALtoMEMTIM                          0x00003c3c   Data          48  sysctl.o(.constdata)
    .constdata                               0x00003c6c   Section      160  timer.o(.constdata)
    g_ppui32TimerIntMap                      0x00003c6c   Data          96  timer.o(.constdata)
    g_ppui32TimerIntMapSnowflake             0x00003ccc   Data          64  timer.o(.constdata)
    .constdata                               0x00003d0c   Section      128  uart.o(.constdata)
    g_ppui32UARTIntMap                       0x00003d0c   Data          64  uart.o(.constdata)
    g_ppui32UARTIntMapSnowflake              0x00003d4c   Data          64  uart.o(.constdata)
    .data                                    0x20000000   Section      136  source.o(.data)
    cmdIndx                                  0x2000007c   Data           1  source.o(.data)
    vtable                                   0x20000400   Section      620  interrupt.o(vtable)
    g_pfnRAMVectors                          0x20000400   Data         620  interrupt.o(vtable)
    .bss                                     0x2000066c   Section       64  source.o(.bss)
    .bss                                     0x200006ac   Section       96  libspace.o(.bss)
    HEAP                                     0x20000710   Section        0  startup_tm4c123.o(HEAP)
    STACK                                    0x20000710   Section      512  startup_tm4c123.o(STACK)
    Heap_Mem                                 0x20000710   Data           0  startup_tm4c123.o(HEAP)
    Stack_Mem                                0x20000710   Data         512  startup_tm4c123.o(STACK)
    __initial_sp                             0x20000910   Data           0  startup_tm4c123.o(STACK)

    Global Symbols

    Symbol Name                              Value     Ov Type        Size  Object(Section)

    BuildAttributes$$THM_ISAv4$E$P$D$K$B$S$7EM$VFPi3$EXTD16$VFPS$VFMA$PE$A:L22UL41UL21$X:L11$S22US41US21$IEEE1$IW$USESV6$~STKCKD$USESV7$~SHL$OTIME$ROPI$IEEEJ$EBA8$UX$STANDARDLIB$REQ8$PRES8$EABIv2 0x00000000   Number         0  anon$$obj.o ABSOLUTE
    __ARM_use_no_argv                        0x00000000   Number         0  source.o ABSOLUTE
    __Vectors                                0x00000000   Data           4  startup_tm4c123.o(RESET)
    __ARM_exceptions_init                     - Undefined Weak Reference
    __alloca_initialize                       - Undefined Weak Reference
    __cpp_initialize__aeabi_                  - Undefined Weak Reference
    __cxa_finalize                            - Undefined Weak Reference
    __rt_locale                               - Undefined Weak Reference
    __sigvec_lookup                           - Undefined Weak Reference
    _atexit_init                              - Undefined Weak Reference
    _call_atexit_fns                          - Undefined Weak Reference
    _clock_init                               - Undefined Weak Reference
    _fp_trap_init                             - Undefined Weak Reference
    _fp_trap_shutdown                         - Undefined Weak Reference
    _get_lc_collate                           - Undefined Weak Reference
    _get_lc_ctype                             - Undefined Weak Reference
    _get_lc_monetary                          - Undefined Weak Reference
    _get_lc_numeric                           - Undefined Weak Reference
    _get_lc_time                              - Undefined Weak Reference
    _getenv_init                              - Undefined Weak Reference
    _handle_redirection                       - Undefined Weak Reference
    _init_alloc                               - Undefined Weak Reference
    _init_user_alloc                          - Undefined Weak Reference
    _initio                                   - Undefined Weak Reference
    _rand_init                                - Undefined Weak Reference
    _signal_finish                            - Undefined Weak Reference
    _signal_init                              - Undefined Weak Reference
    _terminate_alloc                          - Undefined Weak Reference
    _terminate_user_alloc                     - Undefined Weak Reference
    _terminateio                              - Undefined Weak Reference
    __Vectors_End                            0x0000026c   Data           0  startup_tm4c123.o(RESET)
    __Vectors_Size                           0x0000026c   Number         0  startup_tm4c123.o ABSOLUTE
    __main                                   0x0000026d   Thumb Code     8  __main.o(!!!main)
    __scatterload                            0x00000275   Thumb Code     0  __scatter.o(!!!scatter)
    __scatterload_rt2                        0x00000275   Thumb Code    44  __scatter.o(!!!scatter)
    __scatterload_rt2_thumb_only             0x00000275   Thumb Code     0  __scatter.o(!!!scatter)
    __scatterload_null                       0x00000283   Thumb Code     0  __scatter.o(!!!scatter)
    __decompress                             0x000002a9   Thumb Code    58  __dczerorl.o(!!dczerorl)
    __decompress0                            0x000002a9   Thumb Code     0  __dczerorl.o(!!dczerorl)
    __scatterload_zeroinit                   0x000002e5   Thumb Code    28  __scatter_zi.o(!!handler_zi)
    __rt_lib_init                            0x00000301   Thumb Code     0  libinit.o(.ARM.Collect$$libinit$$00000000)
    __rt_lib_init_fp_1                       0x00000303   Thumb Code     0  libinit2.o(.ARM.Collect$$libinit$$00000001)
    __rt_lib_init_alloca_1                   0x00000307   Thumb Code     0  libinit2.o(.ARM.Collect$$libinit$$0000002C)
    __rt_lib_init_argv_1                     0x00000307   Thumb Code     0  libinit2.o(.ARM.Collect$$libinit$$0000002A)
    __rt_lib_init_atexit_1                   0x00000307   Thumb Code     0  libinit2.o(.ARM.Collect$$libinit$$00000019)
    __rt_lib_init_clock_1                    0x00000307   Thumb Code     0  libinit2.o(.ARM.Collect$$libinit$$0000001F)
    __rt_lib_init_cpp_1                      0x00000307   Thumb Code     0  libinit2.o(.ARM.Collect$$libinit$$00000030)
    __rt_lib_init_exceptions_1               0x00000307   Thumb Code     0  libinit2.o(.ARM.Collect$$libinit$$0000002E)
    __rt_lib_init_fp_trap_1                  0x00000307   Thumb Code     0  libinit2.o(.ARM.Collect$$libinit$$0000001D)
    __rt_lib_init_getenv_1                   0x00000307   Thumb Code     0  libinit2.o(.ARM.Collect$$libinit$$00000021)
    __rt_lib_init_heap_1                     0x00000307   Thumb Code     0  libinit2.o(.ARM.Collect$$libinit$$00000008)
    __rt_lib_init_lc_collate_1               0x00000307   Thumb Code     0  libinit2.o(.ARM.Collect$$libinit$$0000000F)
    __rt_lib_init_lc_ctype_1                 0x00000307   Thumb Code     0  libinit2.o(.ARM.Collect$$libinit$$00000011)
    __rt_lib_init_lc_monetary_1              0x00000307   Thumb Code     0  libinit2.o(.ARM.Collect$$libinit$$00000013)
    __rt_lib_init_lc_numeric_1               0x00000307   Thumb Code     0  libinit2.o(.ARM.Collect$$libinit$$00000015)
    __rt_lib_init_lc_time_1                  0x00000307   Thumb Code     0  libinit2.o(.ARM.Collect$$libinit$$00000017)
    __rt_lib_init_rand_1                     0x00000307   Thumb Code     0  libinit2.o(.ARM.Collect$$libinit$$0000000C)
    __rt_lib_init_return                     0x00000307   Thumb Code     0  libinit2.o(.ARM.Collect$$libinit$$00000031)
    __rt_lib_init_signal_1                   0x00000307   Thumb Code     0  libinit2.o(.ARM.Collect$$libinit$$0000001B)
    __rt_lib_init_stdio_1                    0x00000307   Thumb Code     0  libinit2.o(.ARM.Collect$$libinit$$00000023)
    __rt_lib_init_user_alloc_1               0x00000307   Thumb Code     0  libinit2.o(.ARM.Collect$$libinit$$0000000A)
    __rt_lib_shutdown                        0x00000309   Thumb Code     0  libshutdown.o(.ARM.Collect$$libshutdown$$00000000)
    __rt_lib_shutdown_fp_trap_1              0x0000030b   Thumb Code     0  libshutdown2.o(.ARM.Collect$$libshutdown$$00000006)
    __rt_lib_shutdown_heap_1                 0x0000030b   Thumb Code     0  libshutdown2.o(.ARM.Collect$$libshutdown$$0000000E)
    __rt_lib_shutdown_return                 0x0000030b   Thumb Code     0  libshutdown2.o(.ARM.Collect$$libshutdown$$0000000F)
    __rt_lib_shutdown_signal_1               0x0000030b   Thumb Code     0  libshutdown2.o(.ARM.Collect$$libshutdown$$00000009)
    __rt_lib_shutdown_stdio_1                0x0000030b   Thumb Code     0  libshutdown2.o(.ARM.Collect$$libshutdown$$00000003)
    __rt_lib_shutdown_user_alloc_1           0x0000030b   Thumb Code     0  libshutdown2.o(.ARM.Collect$$libshutdown$$0000000B)
    __rt_entry                               0x0000030d   Thumb Code     0  rtentry.o(.ARM.Collect$$rtentry$$00000000)
    __rt_entry_presh_1                       0x0000030d   Thumb Code     0  rtentry2.o(.ARM.Collect$$rtentry$$00000002)
    __rt_entry_sh                            0x0000030d   Thumb Code     0  rtentry4.o(.ARM.Collect$$rtentry$$00000004)
    __rt_entry_li                            0x00000313   Thumb Code     0  rtentry2.o(.ARM.Collect$$rtentry$$0000000A)
    __rt_entry_postsh_1                      0x00000313   Thumb Code     0  rtentry2.o(.ARM.Collect$$rtentry$$00000009)
    __rt_entry_main                          0x00000317   Thumb Code     0  rtentry2.o(.ARM.Collect$$rtentry$$0000000D)
    __rt_entry_postli_1                      0x00000317   Thumb Code     0  rtentry2.o(.ARM.Collect$$rtentry$$0000000C)
    __rt_exit                                0x0000031f   Thumb Code     0  rtexit.o(.ARM.Collect$$rtexit$$00000000)
    __rt_exit_ls                             0x00000321   Thumb Code     0  rtexit2.o(.ARM.Collect$$rtexit$$00000003)
    __rt_exit_prels_1                        0x00000321   Thumb Code     0  rtexit2.o(.ARM.Collect$$rtexit$$00000002)
    __rt_exit_exit                           0x00000325   Thumb Code     0  rtexit2.o(.ARM.Collect$$rtexit$$00000004)
    SysCtlDelay                              0x0000032d   Thumb Code     6  sysctl.o(.emb_text)
    CPUcpsid                                 0x00000335   Thumb Code     8  cpu.o(.emb_text)
    CPUprimask                               0x0000033d   Thumb Code     6  cpu.o(.emb_text)
    CPUcpsie                                 0x00000343   Thumb Code     8  cpu.o(.emb_text)
    CPUwfi                                   0x0000034b   Thumb Code     4  cpu.o(.emb_text)
    CPUbasepriSet                            0x0000034f   Thumb Code     6  cpu.o(.emb_text)
    CPUbasepriGet                            0x00000355   Thumb Code     6  cpu.o(.emb_text)
    Reset_Handler                            0x0000035d   Thumb Code     8  startup_tm4c123.o(.text)
    NMI_Handler                              0x00000365   Thumb Code     2  startup_tm4c123.o(.text)
    HardFault_Handler                        0x00000367   Thumb Code     2  startup_tm4c123.o(.text)
    MemManage_Handler                        0x00000369   Thumb Code     2  startup_tm4c123.o(.text)
    BusFault_Handler                         0x0000036b   Thumb Code     2  startup_tm4c123.o(.text)
    UsageFault_Handler                       0x0000036d   Thumb Code     2  startup_tm4c123.o(.text)
    SVC_Handler                              0x0000036f   Thumb Code     2  startup_tm4c123.o(.text)
    DebugMon_Handler                         0x00000371   Thumb Code     2  startup_tm4c123.o(.text)
    PendSV_Handler                           0x00000373   Thumb Code     2  startup_tm4c123.o(.text)
    SysTick_Handler                          0x00000375   Thumb Code     2  startup_tm4c123.o(.text)
    GPIOB_Handler                            0x00000379   Thumb Code     2  startup_tm4c123.o(.text)
    GPIOC_Handler                            0x0000037b   Thumb Code     2  startup_tm4c123.o(.text)
    GPIOD_Handler                            0x0000037d   Thumb Code     2  startup_tm4c123.o(.text)
    GPIOE_Handler                            0x0000037f   Thumb Code     2  startup_tm4c123.o(.text)
    UART0_Handler                            0x00000381   Thumb Code     2  startup_tm4c123.o(.text)
    UART1_Handler                            0x00000383   Thumb Code     2  startup_tm4c123.o(.text)
    SSI0_Handler                             0x00000385   Thumb Code     2  startup_tm4c123.o(.text)
    I2C0_Handler                             0x00000387   Thumb Code     2  startup_tm4c123.o(.text)
    PMW0_FAULT_Handler                       0x00000389   Thumb Code     2  startup_tm4c123.o(.text)
    PWM0_0_Handler                           0x0000038b   Thumb Code     2  startup_tm4c123.o(.text)
    PWM0_1_Handler                           0x0000038d   Thumb Code     2  startup_tm4c123.o(.text)
    PWM0_2_Handler                           0x0000038f   Thumb Code     2  startup_tm4c123.o(.text)
    QEI0_Handler                             0x00000391   Thumb Code     2  startup_tm4c123.o(.text)
    ADC0SS0_Handler                          0x00000393   Thumb Code     2  startup_tm4c123.o(.text)
    ADC0SS1_Handler                          0x00000395   Thumb Code     2  startup_tm4c123.o(.text)
    ADC0SS2_Handler                          0x00000397   Thumb Code     2  startup_tm4c123.o(.text)
    ADC0SS3_Handler                          0x00000399   Thumb Code     2  startup_tm4c123.o(.text)
    WDT0_Handler                             0x0000039b   Thumb Code     2  startup_tm4c123.o(.text)
    TIMER0A_Handler                          0x0000039d   Thumb Code     2  startup_tm4c123.o(.text)
    TIMER0B_Handler                          0x0000039f   Thumb Code     2  startup_tm4c123.o(.text)
    TIMER1A_Handler                          0x000003a1   Thumb Code     2  startup_tm4c123.o(.text)
    TIMER1B_Handler                          0x000003a3   Thumb Code     2  startup_tm4c123.o(.text)
    TIMER2B_Handler                          0x000003a7   Thumb Code     2  startup_tm4c123.o(.text)
    COMP0_Handler                            0x000003a9   Thumb Code     2  startup_tm4c123.o(.text)
    COMP1_Handler                            0x000003ab   Thumb Code     2  startup_tm4c123.o(.text)
    COMP2_Handler                            0x000003ad   Thumb Code     2  startup_tm4c123.o(.text)
    SYSCTL_Handler                           0x000003af   Thumb Code     2  startup_tm4c123.o(.text)
    FLASH_Handler                            0x000003b1   Thumb Code     2  startup_tm4c123.o(.text)
    GPIOF_Handler                            0x000003b3   Thumb Code     2  startup_tm4c123.o(.text)
    GPIOG_Handler                            0x000003b5   Thumb Code     2  startup_tm4c123.o(.text)
    GPIOH_Handler                            0x000003b7   Thumb Code     2  startup_tm4c123.o(.text)
    UART2_Handler                            0x000003b9   Thumb Code     2  startup_tm4c123.o(.text)
    SSI1_Handler                             0x000003bb   Thumb Code     2  startup_tm4c123.o(.text)
    TIMER3A_Handler                          0x000003bd   Thumb Code     2  startup_tm4c123.o(.text)
    TIMER3B_Handler                          0x000003bf   Thumb Code     2  startup_tm4c123.o(.text)
    I2C1_Handler                             0x000003c1   Thumb Code     2  startup_tm4c123.o(.text)
    QEI1_Handler                             0x000003c3   Thumb Code     2  startup_tm4c123.o(.text)
    CAN0_Handler                             0x000003c5   Thumb Code     2  startup_tm4c123.o(.text)
    CAN1_Handler                             0x000003c7   Thumb Code     2  startup_tm4c123.o(.text)
    CAN2_Handler                             0x000003c9   Thumb Code     2  startup_tm4c123.o(.text)
    HIB_Handler                              0x000003cb   Thumb Code     2  startup_tm4c123.o(.text)
    USB0_Handler                             0x000003cd   Thumb Code     2  startup_tm4c123.o(.text)
    PWM0_3_Handler                           0x000003cf   Thumb Code     2  startup_tm4c123.o(.text)
    UDMA_Handler                             0x000003d1   Thumb Code     2  startup_tm4c123.o(.text)
    UDMAERR_Handler                          0x000003d3   Thumb Code     2  startup_tm4c123.o(.text)
    ADC1SS0_Handler                          0x000003d5   Thumb Code     2  startup_tm4c123.o(.text)
    ADC1SS1_Handler                          0x000003d7   Thumb Code     2  startup_tm4c123.o(.text)
    ADC1SS2_Handler                          0x000003d9   Thumb Code     2  startup_tm4c123.o(.text)
    ADC1SS3_Handler                          0x000003db   Thumb Code     2  startup_tm4c123.o(.text)
    GPIOJ_Handler                            0x000003dd   Thumb Code     2  startup_tm4c123.o(.text)
    GPIOK_Handler                            0x000003df   Thumb Code     2  startup_tm4c123.o(.text)
    GPIOL_Handler                            0x000003e1   Thumb Code     2  startup_tm4c123.o(.text)
    SSI2_Handler                             0x000003e3   Thumb Code     2  startup_tm4c123.o(.text)
    SSI3_Handler                             0x000003e5   Thumb Code     2  startup_tm4c123.o(.text)
    UART3_Handler                            0x000003e7   Thumb Code     2  startup_tm4c123.o(.text)
    UART4_Handler                            0x000003e9   Thumb Code     2  startup_tm4c123.o(.text)
    UART5_Handler                            0x000003eb   Thumb Code     2  startup_tm4c123.o(.text)
    UART6_Handler                            0x000003ed   Thumb Code     2  startup_tm4c123.o(.text)
    UART7_Handler                            0x000003ef   Thumb Code     2  startup_tm4c123.o(.text)
    I2C2_Handler                             0x000003f1   Thumb Code     2  startup_tm4c123.o(.text)
    I2C3_Handler                             0x000003f3   Thumb Code     2  startup_tm4c123.o(.text)
    TIMER4A_Handler                          0x000003f5   Thumb Code     2  startup_tm4c123.o(.text)
    TIMER4B_Handler                          0x000003f7   Thumb Code     2  startup_tm4c123.o(.text)
    TIMER5A_Handler                          0x000003f9   Thumb Code     2  startup_tm4c123.o(.text)
    TIMER5B_Handler                          0x000003fb   Thumb Code     2  startup_tm4c123.o(.text)
    WTIMER0A_Handler                         0x000003fd   Thumb Code     2  startup_tm4c123.o(.text)
    WTIMER0B_Handler                         0x000003ff   Thumb Code     2  startup_tm4c123.o(.text)
    WTIMER1A_Handler                         0x00000401   Thumb Code     2  startup_tm4c123.o(.text)
    WTIMER1B_Handler                         0x00000403   Thumb Code     2  startup_tm4c123.o(.text)
    WTIMER2A_Handler                         0x00000405   Thumb Code     2  startup_tm4c123.o(.text)
    WTIMER2B_Handler                         0x00000407   Thumb Code     2  startup_tm4c123.o(.text)
    WTIMER3A_Handler                         0x00000409   Thumb Code     2  startup_tm4c123.o(.text)
    WTIMER3B_Handler                         0x0000040b   Thumb Code     2  startup_tm4c123.o(.text)
    WTIMER4A_Handler                         0x0000040d   Thumb Code     2  startup_tm4c123.o(.text)
    WTIMER4B_Handler                         0x0000040f   Thumb Code     2  startup_tm4c123.o(.text)
    WTIMER5A_Handler                         0x00000411   Thumb Code     2  startup_tm4c123.o(.text)
    WTIMER5B_Handler                         0x00000413   Thumb Code     2  startup_tm4c123.o(.text)
    FPU_Handler                              0x00000415   Thumb Code     2  startup_tm4c123.o(.text)
    I2C4_Handler                             0x00000417   Thumb Code     2  startup_tm4c123.o(.text)
    I2C5_Handler                             0x00000419   Thumb Code     2  startup_tm4c123.o(.text)
    GPIOM_Handler                            0x0000041b   Thumb Code     2  startup_tm4c123.o(.text)
    GPION_Handler                            0x0000041d   Thumb Code     2  startup_tm4c123.o(.text)
    QEI2_Handler                             0x0000041f   Thumb Code     2  startup_tm4c123.o(.text)
    GPIOP0_Handler                           0x00000421   Thumb Code     2  startup_tm4c123.o(.text)
    GPIOP1_Handler                           0x00000423   Thumb Code     2  startup_tm4c123.o(.text)
    GPIOP2_Handler                           0x00000425   Thumb Code     2  startup_tm4c123.o(.text)
    GPIOP3_Handler                           0x00000427   Thumb Code     2  startup_tm4c123.o(.text)
    GPIOP4_Handler                           0x00000429   Thumb Code     2  startup_tm4c123.o(.text)
    GPIOP5_Handler                           0x0000042b   Thumb Code     2  startup_tm4c123.o(.text)
    GPIOP6_Handler                           0x0000042d   Thumb Code     2  startup_tm4c123.o(.text)
    GPIOP7_Handler                           0x0000042f   Thumb Code     2  startup_tm4c123.o(.text)
    GPIOQ0_Handler                           0x00000431   Thumb Code     2  startup_tm4c123.o(.text)
    GPIOQ1_Handler                           0x00000433   Thumb Code     2  startup_tm4c123.o(.text)
    GPIOQ2_Handler                           0x00000435   Thumb Code     2  startup_tm4c123.o(.text)
    GPIOQ3_Handler                           0x00000437   Thumb Code     2  startup_tm4c123.o(.text)
    GPIOQ4_Handler                           0x00000439   Thumb Code     2  startup_tm4c123.o(.text)
    GPIOQ5_Handler                           0x0000043b   Thumb Code     2  startup_tm4c123.o(.text)
    GPIOQ6_Handler                           0x0000043d   Thumb Code     2  startup_tm4c123.o(.text)
    GPIOQ7_Handler                           0x0000043f   Thumb Code     2  startup_tm4c123.o(.text)
    GPIOR_Handler                            0x00000441   Thumb Code     2  startup_tm4c123.o(.text)
    GPIOS_Handler                            0x00000443   Thumb Code     2  startup_tm4c123.o(.text)
    PMW1_0_Handler                           0x00000445   Thumb Code     2  startup_tm4c123.o(.text)
    PWM1_1_Handler                           0x00000447   Thumb Code     2  startup_tm4c123.o(.text)
    PWM1_2_Handler                           0x00000449   Thumb Code     2  startup_tm4c123.o(.text)
    PWM1_3_Handler                           0x0000044b   Thumb Code     2  startup_tm4c123.o(.text)
    PWM1_FAULT_Handler                       0x0000044d   Thumb Code     2  startup_tm4c123.o(.text)
    __user_initial_stackheap                 0x00000451   Thumb Code     0  startup_tm4c123.o(.text)
    strlen                                   0x00000471   Thumb Code    62  strlen.o(.text)
    strcmp                                   0x000004b1   Thumb Code   128  strcmpv7m.o(.text)
    __use_two_region_memory                  0x00000531   Thumb Code     2  heapauxi.o(.text)
    __rt_heap_escrow$2region                 0x00000533   Thumb Code     2  heapauxi.o(.text)
    __rt_heap_expand$2region                 0x00000535   Thumb Code     2  heapauxi.o(.text)
    __user_setup_stackheap                   0x00000537   Thumb Code    74  sys_stackheap_outer.o(.text)
    exit                                     0x00000581   Thumb Code    12  exit.o(.text)
    __user_libspace                          0x0000058d   Thumb Code     8  libspace.o(.text)
    __user_perproc_libspace                  0x0000058d   Thumb Code     0  libspace.o(.text)
    __user_perthread_libspace                0x0000058d   Thumb Code     0  libspace.o(.text)
    _sys_exit                                0x00000595   Thumb Code     8  sys_exit.o(.text)
    __I$use$semihosting                      0x000005a1   Thumb Code     0  use_no_semi.o(.text)
    __use_no_semihosting_swi                 0x000005a1   Thumb Code     2  use_no_semi.o(.text)
    ADCClockConfigSet                        0x000005a3   Thumb Code    28  adc.o(i.ADCClockConfigSet)
    __semihosting_library_function           0x000005a3   Thumb Code     0  indicate_semi.o(.text)
    ADCConversionFinished_ISR                0x000005c1   Thumb Code    40  source.o(i.ADCConversionFinished_ISR)
    ADCIntEnable                             0x000005f1   Thumb Code    16  adc.o(i.ADCIntEnable)
    ADCIntRegister                           0x00000601   Thumb Code    92  adc.o(i.ADCIntRegister)
    ADCProcessorTrigger                      0x00000669   Thumb Code    26  adc.o(i.ADCProcessorTrigger)
    ADCSequenceConfigure                     0x00000685   Thumb Code    98  adc.o(i.ADCSequenceConfigure)
    ADCSequenceDataGet                       0x000006ed   Thumb Code    36  adc.o(i.ADCSequenceDataGet)
    ADCSequenceEnable                        0x00000711   Thumb Code    14  adc.o(i.ADCSequenceEnable)
    ADCSequenceStepConfigure                 0x0000071f   Thumb Code   154  adc.o(i.ADCSequenceStepConfigure)
    ADC_Timer_Handler                        0x000007b9   Thumb Code   164  source.o(i.ADC_Timer_Handler)
    ADC_Timer_Init                           0x00000889   Thumb Code   212  source.o(i.ADC_Timer_Init)
    ADC_init                                 0x00000979   Thumb Code   156  source.o(i.ADC_init)
    CalculateDistance                        0x00000a25   Thumb Code    44  source.o(i.CalculateDistance)
    CalculateVelocity                        0x00000a65   Thumb Code    56  source.o(i.CalculateVelocity)
    EnableI2CModule0                         0x00000ab1   Thumb Code   132  source.o(i.EnableI2CModule0)
    GPIOA_Handler                            0x00000b49   Thumb Code   128  source.o(i.GPIOA_Handler)
    GPIODirModeSet                           0x00000bf9   Thumb Code    40  gpio.o(i.GPIODirModeSet)
    GPIOPadConfigSet                         0x00000c21   Thumb Code   312  gpio.o(i.GPIOPadConfigSet)
    GPIOPinConfigure                         0x00000d59   Thumb Code    60  gpio.o(i.GPIOPinConfigure)
    GPIOPinRead                              0x00000d9d   Thumb Code     6  gpio.o(i.GPIOPinRead)
    GPIOPinTypeADC                           0x00000da3   Thumb Code    28  gpio.o(i.GPIOPinTypeADC)
    GPIOPinTypeGPIOInput                     0x00000dbf   Thumb Code    28  gpio.o(i.GPIOPinTypeGPIOInput)
    GPIOPinTypeGPIOOutput                    0x00000ddb   Thumb Code    28  gpio.o(i.GPIOPinTypeGPIOOutput)
    GPIOPinTypeUART                          0x00000df7   Thumb Code    28  gpio.o(i.GPIOPinTypeUART)
    GPIOPinWrite                             0x00000e13   Thumb Code     6  gpio.o(i.GPIOPinWrite)
    IntEnable                                0x00000e19   Thumb Code    92  interrupt.o(i.IntEnable)
    IntMasterEnable                          0x00000e7d   Thumb Code    14  interrupt.o(i.IntMasterEnable)
    IntRegister                              0x00000e8d   Thumb Code    44  interrupt.o(i.IntRegister)
    IntUnregister                            0x00000ec1   Thumb Code    10  interrupt.o(i.IntUnregister)
    MoveDistance                             0x00000ed5   Thumb Code    40  source.o(i.MoveDistance)
    PortAInit                                0x00000f01   Thumb Code   186  source.o(i.PortAInit)
    PortB_Init                               0x00000fe9   Thumb Code    30  source.o(i.PortB_Init)
    ReadAccel                                0x00001011   Thumb Code   426  source.o(i.ReadAccel)
    ReadAccelX                               0x000011f9   Thumb Code   162  source.o(i.ReadAccelX)
    ReadAccelY                               0x000012a1   Thumb Code   162  source.o(i.ReadAccelY)
    ReadAccelZ                               0x00001349   Thumb Code   162  source.o(i.ReadAccelZ)
    RelaysPorts_Init                         0x000013f1   Thumb Code    36  source.o(i.RelaysPorts_Init)
    ResetDistanceWheelRevs                   0x00001419   Thumb Code    28  source.o(i.ResetDistanceWheelRevs)
    StartTimer2                              0x00001445   Thumb Code    14  source.o(i.StartTimer2)
    SysCtlClockGet                           0x00001459   Thumb Code   304  sysctl.o(i.SysCtlClockGet)
    SysCtlClockSet                           0x000015ad   Thumb Code   270  sysctl.o(i.SysCtlClockSet)
    SysCtlLDOSleepSet                        0x000016cd   Thumb Code     8  sysctl.o(i.SysCtlLDOSleepSet)
    SysCtlPeripheralClockGating              0x000016d9   Thumb Code    58  sysctl.o(i.SysCtlPeripheralClockGating)
    SysCtlPeripheralEnable                   0x0000171d   Thumb Code    36  sysctl.o(i.SysCtlPeripheralEnable)
    SysCtlPeripheralReady                    0x00001745   Thumb Code    40  sysctl.o(i.SysCtlPeripheralReady)
    SysCtlPeripheralReset                    0x00001771   Thumb Code    56  sysctl.o(i.SysCtlPeripheralReset)
    SysCtlPeripheralSleepEnable              0x000017ad   Thumb Code    36  sysctl.o(i.SysCtlPeripheralSleepEnable)
    SysCtlSleepPowerSet                      0x000017d5   Thumb Code     8  sysctl.o(i.SysCtlSleepPowerSet)
    SysTickDisable                           0x000017e1   Thumb Code    14  systick.o(i.SysTickDisable)
    SysTickEnable                            0x000017ef   Thumb Code    14  systick.o(i.SysTickEnable)
    SysTickIntDisable                        0x000017fd   Thumb Code    14  systick.o(i.SysTickIntDisable)
    SysTickIntEnable                         0x0000180b   Thumb Code    14  systick.o(i.SysTickIntEnable)
    SysTickIntRegister                       0x00001819   Thumb Code    24  systick.o(i.SysTickIntRegister)
    SysTickIntUnregister                     0x00001831   Thumb Code    18  systick.o(i.SysTickIntUnregister)
    SysTickPeriodSet                         0x00001843   Thumb Code    10  systick.o(i.SysTickPeriodSet)
    SysTickStopMotors_ISR                    0x0000184d   Thumb Code    26  source.o(i.SysTickStopMotors_ISR)
    SysTickmoveTowardLight_ISR               0x0000186d   Thumb Code    76  source.o(i.SysTickmoveTowardLight_ISR)
    SystemInit                               0x000018bd   Thumb Code   112  system_tm4c123.o(i.SystemInit)
    SystickLineDetector_ISR                  0x00001955   Thumb Code     8  source.o(i.SystickLineDetector_ISR)
    Systick_Init                             0x00001961   Thumb Code   170  source.o(i.Systick_Init)
    TIMER2A_Handler                          0x00001a1d   Thumb Code    30  source.o(i.TIMER2A_Handler)
    Timer2Init                               0x00001a49   Thumb Code    96  source.o(i.Timer2Init)
    TimerConfigure                           0x00001abd   Thumb Code    88  timer.o(i.TimerConfigure)
    TimerEnable                              0x00001b1d   Thumb Code    14  timer.o(i.TimerEnable)
    TimerIntClear                            0x00001b2b   Thumb Code     4  timer.o(i.TimerIntClear)
    TimerIntEnable                           0x00001b2f   Thumb Code     8  timer.o(i.TimerIntEnable)
    TimerIntRegister                         0x00001b39   Thumb Code    88  timer.o(i.TimerIntRegister)
    TimerLoadSet                             0x00001ba1   Thumb Code    18  timer.o(i.TimerLoadSet)
    UART3_Init                               0x00001bb5   Thumb Code   114  source.o(i.UART3_Init)
    UARTCharGet                              0x00001c45   Thumb Code    12  uart.o(i.UARTCharGet)
    UARTCharPut                              0x00001c51   Thumb Code    12  uart.o(i.UARTCharPut)
    UARTConfigSetExpClk                      0x00001c5d   Thumb Code   110  uart.o(i.UARTConfigSetExpClk)
    UARTEnable                               0x00001ccb   Thumb Code    20  uart.o(i.UARTEnable)
    UARTFIFODisable                          0x00001cdf   Thumb Code    10  uart.o(i.UARTFIFODisable)
    UARTIntClear                             0x00001ce9   Thumb Code     4  uart.o(i.UARTIntClear)
    UARTIntEnable                            0x00001ced   Thumb Code     8  uart.o(i.UARTIntEnable)
    UARTIntRegister                          0x00001cf5   Thumb Code    70  uart.o(i.UARTIntRegister)
    UARTSend                                 0x00001d4d   Thumb Code    36  source.o(i.UARTSend)
    WriteRegister                            0x00001d71   Thumb Code    58  source.o(i.WriteRegister)
    __hardfp_fabs                            0x00001db3   Thumb Code    20  fabs.o(i.__hardfp_fabs)
    bluetoothHandler                         0x00001dc9   Thumb Code    78  source.o(i.bluetoothHandler)
    calculateObstacleDistance                0x00001e25   Thumb Code    16  source.o(i.calculateObstacleDistance)
    exitCurrentMode                          0x00001e39   Thumb Code    90  source.o(i.exitCurrentMode)
    followLight                              0x00001e99   Thumb Code    34  source.o(i.followLight)
    itos                                     0x00001ec9   Thumb Code   104  source.o(i.itos)
    lightSensorsInit                         0x00001f35   Thumb Code    30  source.o(i.lightSensorsInit)
    lineDetector                             0x00001f5d   Thumb Code   510  source.o(i.lineDetector)
    main                                     0x00002171   Thumb Code    50  source.o(i.main)
    move                                     0x000021b1   Thumb Code    72  source.o(i.move)
    moveBackward                             0x000021f9   Thumb Code    16  source.o(i.moveBackward)
    moveBackwardLeft                         0x00002209   Thumb Code    16  source.o(i.moveBackwardLeft)
    moveBackwardRight                        0x00002219   Thumb Code    16  source.o(i.moveBackwardRight)
    moveForward                              0x00002229   Thumb Code    16  source.o(i.moveForward)
    moveForwardLeft                          0x00002239   Thumb Code    16  source.o(i.moveForwardLeft)
    moveForwardRight                         0x00002249   Thumb Code    16  source.o(i.moveForwardRight)
    moveLeft                                 0x00002259   Thumb Code    16  source.o(i.moveLeft)
    moveRight                                0x00002269   Thumb Code    16  source.o(i.moveRight)
    parseCmd                                 0x00002279   Thumb Code   216  source.o(i.parseCmd)
    query                                    0x00002351   Thumb Code   466  source.o(i.query)
    resolveCmd                               0x00002615   Thumb Code   376  source.o(i.resolveCmd)
    sendFloat                                0x00002839   Thumb Code   310  source.o(i.sendFloat)
    sendInt                                  0x00002991   Thumb Code   272  source.o(i.sendInt)
    setup                                    0x00002ab5   Thumb Code   102  source.o(i.setup)
    simpleControl                            0x00002b29   Thumb Code    18  source.o(i.simpleControl)
    stop                                     0x00002b3b   Thumb Code    16  source.o(i.stop)
    stringToInt                              0x00002b4d   Thumb Code   166  source.o(i.stringToInt)
    __aeabi_d2f                              0x00002c09   Thumb Code     0  d2f.o(x$fpl$d2f)
    _d2f                                     0x00002c09   Thumb Code    98  d2f.o(x$fpl$d2f)
    __aeabi_dadd                             0x00002c6d   Thumb Code     0  daddsub_clz.o(x$fpl$dadd)
    _dadd                                    0x00002c6d   Thumb Code   332  daddsub_clz.o(x$fpl$dadd)
    __fpl_dcmp_Inf                           0x00002dbd   Thumb Code    24  dcmpi.o(x$fpl$dcmpinf)
    __aeabi_ddiv                             0x00002dd5   Thumb Code     0  ddiv.o(x$fpl$ddiv)
    _ddiv                                    0x00002dd5   Thumb Code   552  ddiv.o(x$fpl$ddiv)
    __aeabi_d2iz                             0x00003085   Thumb Code     0  dfix.o(x$fpl$dfix)
    _dfix                                    0x00003085   Thumb Code    94  dfix.o(x$fpl$dfix)
    __aeabi_d2uiz                            0x000030e5   Thumb Code     0  dfixu.o(x$fpl$dfixu)
    _dfixu                                   0x000030e5   Thumb Code    90  dfixu.o(x$fpl$dfixu)
    __aeabi_i2d                              0x0000313f   Thumb Code     0  dflt_clz.o(x$fpl$dflt)
    _dflt                                    0x0000313f   Thumb Code    46  dflt_clz.o(x$fpl$dflt)
    __aeabi_ui2d                             0x0000316d   Thumb Code     0  dflt_clz.o(x$fpl$dfltu)
    _dfltu                                   0x0000316d   Thumb Code    38  dflt_clz.o(x$fpl$dfltu)
    __aeabi_cdcmple                          0x00003195   Thumb Code     0  dleqf.o(x$fpl$dleqf)
    _dcmple                                  0x00003195   Thumb Code   120  dleqf.o(x$fpl$dleqf)
    __fpl_dcmple_InfNaN                      0x000031f7   Thumb Code     0  dleqf.o(x$fpl$dleqf)
    __aeabi_dmul                             0x0000320d   Thumb Code     0  dmul.o(x$fpl$dmul)
    _dmul                                    0x0000320d   Thumb Code   332  dmul.o(x$fpl$dmul)
    __fpl_dnaninf                            0x00003361   Thumb Code   156  dnaninf.o(x$fpl$dnaninf)
    __fpl_dretinf                            0x000033fd   Thumb Code    12  dretinf.o(x$fpl$dretinf)
    __aeabi_drsub                            0x00003409   Thumb Code     0  daddsub_clz.o(x$fpl$drsb)
    _drsb                                    0x00003409   Thumb Code    22  daddsub_clz.o(x$fpl$drsb)
    __aeabi_dsub                             0x00003421   Thumb Code     0  daddsub_clz.o(x$fpl$dsub)
    _dsub                                    0x00003421   Thumb Code   464  daddsub_clz.o(x$fpl$dsub)
    __aeabi_f2d                              0x000035f5   Thumb Code     0  f2d.o(x$fpl$f2d)
    _f2d                                     0x000035f5   Thumb Code    86  f2d.o(x$fpl$f2d)
    __fpl_fnaninf                            0x0000364b   Thumb Code   140  fnaninf.o(x$fpl$fnaninf)
    _fp_init                                 0x000036d7   Thumb Code    10  fpinit.o(x$fpl$fpinit)
    __fplib_config_fpu_vfp                   0x000036df   Thumb Code     0  fpinit.o(x$fpl$fpinit)
    __fplib_config_pureend_doubles           0x000036df   Thumb Code     0  fpinit.o(x$fpl$fpinit)
    __fpl_fretinf                            0x000036e1   Thumb Code    10  fretinf.o(x$fpl$fretinf)
    __I$use$fp                               0x000036ea   Number         0  usenofp.o(x$fpl$usenofp)
    mode_FSM                                 0x000036ec   Data          16  source.o(.constdata)
    Region$$Table$$Base                      0x00003d8c   Number         0  anon$$obj.o(Region$$Table)
    Region$$Table$$Limit                     0x00003dac   Number         0  anon$$obj.o(Region$$Table)
    X_Axis1                                  0x20000000   Data           8  source.o(.data)
    Y_Axis1                                  0x20000008   Data           8  source.o(.data)
    Z_Axis1                                  0x20000010   Data           8  source.o(.data)
    X_Axis2                                  0x20000018   Data           4  source.o(.data)
    Y_Axis2                                  0x2000001c   Data           4  source.o(.data)
    Z_Axis2                                  0x20000020   Data           4  source.o(.data)
    RawX_Axis1                               0x20000028   Data           8  source.o(.data)
    RawY_Axis1                               0x20000030   Data           8  source.o(.data)
    RawZ_Axis1                               0x20000038   Data           8  source.o(.data)
    OldV                                     0x20000040   Data           4  source.o(.data)
    OldA                                     0x20000044   Data           4  source.o(.data)
    NewA                                     0x20000048   Data           4  source.o(.data)
    NewV                                     0x2000004c   Data           4  source.o(.data)
    Pi                                       0x20000050   Data           4  source.o(.data)
    WheelDiameter                            0x20000054   Data           4  source.o(.data)
    NumberOfWheelRevs                        0x20000058   Data           4  source.o(.data)
    distanceMoved                            0x2000005c   Data           4  source.o(.data)
    NumberOfCutsBarrier                      0x20000060   Data           4  source.o(.data)
    Velocity                                 0x20000064   Data           4  source.o(.data)
    CurrentDistanceMoved                     0x20000068   Data           4  source.o(.data)
    TotalDistanceMoved                       0x2000006c   Data           4  source.o(.data)
    FlagRecivedValidNotFinished              0x20000070   Data           1  source.o(.data)
    g_velocityRevsCount                      0x20000074   Data           4  source.o(.data)
    g_velocity                               0x20000078   Data           4  source.o(.data)
    g_current_mode_state                     0x20000080   Data           4  source.o(.data)
    g_timer_done                             0x20000084   Data           1  source.o(.data)
    RecievedNewData                          0x20000085   Data           1  source.o(.data)
    targetDistance                           0x20000086   Data           2  source.o(.data)
    g_sensors                                0x2000066c   Data          24  source.o(.bss)
    bluetoothCmdBuffer                       0x20000684   Data          40  source.o(.bss)
    __libspace_start                         0x200006ac   Data          96  libspace.o(.bss)
    __temporary_stack_top$libspace           0x2000070c   Data           0  libspace.o(.bss)



==============================================================================

Memory Map of the image

  Image Entry point : 0x0000035d

  Load Region LR_1 (Base: 0x00000000, Size: 0x00004418, Max: 0xffffffff, ABSOLUTE, COMPRESSED[0x00003dc8])

    Execution Region ER_RO (Base: 0x00000000, Size: 0x00003dac, Max: 0xffffffff, ABSOLUTE)

    Base Addr    Size         Type   Attr      Idx    E Section Name        Object

    0x00000000   0x0000026c   Data   RO            3    RESET               startup_tm4c123.o
    0x0000026c   0x00000008   Code   RO         2135  * !!!main             c_w.l(__main.o)
    0x00000274   0x00000034   Code   RO         2340    !!!scatter          c_w.l(__scatter.o)
    0x000002a8   0x0000003a   Code   RO         2338    !!dczerorl          c_w.l(__dczerorl.o)
    0x000002e2   0x00000002   PAD
    0x000002e4   0x0000001c   Code   RO         2342    !!handler_zi        c_w.l(__scatter_zi.o)
    0x00000300   0x00000002   Code   RO         2211    .ARM.Collect$$libinit$$00000000  c_w.l(libinit.o)
    0x00000302   0x00000004   Code   RO         2217    .ARM.Collect$$libinit$$00000001  c_w.l(libinit2.o)
    0x00000306   0x00000000   Code   RO         2221    .ARM.Collect$$libinit$$00000008  c_w.l(libinit2.o)
    0x00000306   0x00000000   Code   RO         2223    .ARM.Collect$$libinit$$0000000A  c_w.l(libinit2.o)
    0x00000306   0x00000000   Code   RO         2225    .ARM.Collect$$libinit$$0000000C  c_w.l(libinit2.o)
    0x00000306   0x00000000   Code   RO         2228    .ARM.Collect$$libinit$$0000000F  c_w.l(libinit2.o)
    0x00000306   0x00000000   Code   RO         2230    .ARM.Collect$$libinit$$00000011  c_w.l(libinit2.o)
    0x00000306   0x00000000   Code   RO         2232    .ARM.Collect$$libinit$$00000013  c_w.l(libinit2.o)
    0x00000306   0x00000000   Code   RO         2234    .ARM.Collect$$libinit$$00000015  c_w.l(libinit2.o)
    0x00000306   0x00000000   Code   RO         2236    .ARM.Collect$$libinit$$00000017  c_w.l(libinit2.o)
    0x00000306   0x00000000   Code   RO         2238    .ARM.Collect$$libinit$$00000019  c_w.l(libinit2.o)
    0x00000306   0x00000000   Code   RO         2240    .ARM.Collect$$libinit$$0000001B  c_w.l(libinit2.o)
    0x00000306   0x00000000   Code   RO         2242    .ARM.Collect$$libinit$$0000001D  c_w.l(libinit2.o)
    0x00000306   0x00000000   Code   RO         2244    .ARM.Collect$$libinit$$0000001F  c_w.l(libinit2.o)
    0x00000306   0x00000000   Code   RO         2246    .ARM.Collect$$libinit$$00000021  c_w.l(libinit2.o)
    0x00000306   0x00000000   Code   RO         2248    .ARM.Collect$$libinit$$00000023  c_w.l(libinit2.o)
    0x00000306   0x00000000   Code   RO         2252    .ARM.Collect$$libinit$$0000002A  c_w.l(libinit2.o)
    0x00000306   0x00000000   Code   RO         2254    .ARM.Collect$$libinit$$0000002C  c_w.l(libinit2.o)
    0x00000306   0x00000000   Code   RO         2256    .ARM.Collect$$libinit$$0000002E  c_w.l(libinit2.o)
    0x00000306   0x00000000   Code   RO         2258    .ARM.Collect$$libinit$$00000030  c_w.l(libinit2.o)
    0x00000306   0x00000002   Code   RO         2259    .ARM.Collect$$libinit$$00000031  c_w.l(libinit2.o)
    0x00000308   0x00000002   Code   RO         2279    .ARM.Collect$$libshutdown$$00000000  c_w.l(libshutdown.o)
    0x0000030a   0x00000000   Code   RO         2293    .ARM.Collect$$libshutdown$$00000003  c_w.l(libshutdown2.o)
    0x0000030a   0x00000000   Code   RO         2296    .ARM.Collect$$libshutdown$$00000006  c_w.l(libshutdown2.o)
    0x0000030a   0x00000000   Code   RO         2299    .ARM.Collect$$libshutdown$$00000009  c_w.l(libshutdown2.o)
    0x0000030a   0x00000000   Code   RO         2301    .ARM.Collect$$libshutdown$$0000000B  c_w.l(libshutdown2.o)
    0x0000030a   0x00000000   Code   RO         2304    .ARM.Collect$$libshutdown$$0000000E  c_w.l(libshutdown2.o)
    0x0000030a   0x00000002   Code   RO         2305    .ARM.Collect$$libshutdown$$0000000F  c_w.l(libshutdown2.o)
    0x0000030c   0x00000000   Code   RO         2175    .ARM.Collect$$rtentry$$00000000  c_w.l(rtentry.o)
    0x0000030c   0x00000000   Code   RO         2188    .ARM.Collect$$rtentry$$00000002  c_w.l(rtentry2.o)
    0x0000030c   0x00000006   Code   RO         2200    .ARM.Collect$$rtentry$$00000004  c_w.l(rtentry4.o)
    0x00000312   0x00000000   Code   RO         2190    .ARM.Collect$$rtentry$$00000009  c_w.l(rtentry2.o)
    0x00000312   0x00000004   Code   RO         2191    .ARM.Collect$$rtentry$$0000000A  c_w.l(rtentry2.o)
    0x00000316   0x00000000   Code   RO         2193    .ARM.Collect$$rtentry$$0000000C  c_w.l(rtentry2.o)
    0x00000316   0x00000008   Code   RO         2194    .ARM.Collect$$rtentry$$0000000D  c_w.l(rtentry2.o)
    0x0000031e   0x00000002   Code   RO         2215    .ARM.Collect$$rtexit$$00000000  c_w.l(rtexit.o)
    0x00000320   0x00000000   Code   RO         2261    .ARM.Collect$$rtexit$$00000002  c_w.l(rtexit2.o)
    0x00000320   0x00000004   Code   RO         2262    .ARM.Collect$$rtexit$$00000003  c_w.l(rtexit2.o)
    0x00000324   0x00000006   Code   RO         2263    .ARM.Collect$$rtexit$$00000004  c_w.l(rtexit2.o)
    0x0000032a   0x00000002   PAD
    0x0000032c   0x00000006   Code   RO         1169    .emb_text           driverlib.lib(sysctl.o)
    0x00000332   0x00000002   PAD
    0x00000334   0x00000026   Code   RO         2117    .emb_text           driverlib.lib(cpu.o)
    0x0000035a   0x00000002   PAD
    0x0000035c   0x00000114   Code   RO            4  * .text               startup_tm4c123.o
    0x00000470   0x0000003e   Code   RO         2129    .text               c_w.l(strlen.o)
    0x000004ae   0x00000002   PAD
    0x000004b0   0x00000080   Code   RO         2131    .text               c_w.l(strcmpv7m.o)
    0x00000530   0x00000006   Code   RO         2133    .text               c_w.l(heapauxi.o)
    0x00000536   0x0000004a   Code   RO         2202    .text               c_w.l(sys_stackheap_outer.o)
    0x00000580   0x0000000c   Code   RO         2204    .text               c_w.l(exit.o)
    0x0000058c   0x00000008   Code   RO         2212    .text               c_w.l(libspace.o)
    0x00000594   0x0000000c   Code   RO         2271    .text               c_w.l(sys_exit.o)
    0x000005a0   0x00000002   Code   RO         2282    .text               c_w.l(use_no_semi.o)
    0x000005a2   0x00000000   Code   RO         2284    .text               c_w.l(indicate_semi.o)
    0x000005a2   0x0000001c   Code   RO          487    i.ADCClockConfigSet  driverlib.lib(adc.o)
    0x000005be   0x00000002   PAD
    0x000005c0   0x00000030   Code   RO           70    i.ADCConversionFinished_ISR  source.o
    0x000005f0   0x00000010   Code   RO          500    i.ADCIntEnable      driverlib.lib(adc.o)
    0x00000600   0x00000068   Code   RO          502    i.ADCIntRegister    driverlib.lib(adc.o)
    0x00000668   0x0000001a   Code   RO          508    i.ADCProcessorTrigger  driverlib.lib(adc.o)
    0x00000682   0x00000002   PAD
    0x00000684   0x00000068   Code   RO          511    i.ADCSequenceConfigure  driverlib.lib(adc.o)
    0x000006ec   0x00000024   Code   RO          514    i.ADCSequenceDataGet  driverlib.lib(adc.o)
    0x00000710   0x0000000e   Code   RO          516    i.ADCSequenceEnable  driverlib.lib(adc.o)
    0x0000071e   0x0000009a   Code   RO          519    i.ADCSequenceStepConfigure  driverlib.lib(adc.o)
    0x000007b8   0x000000d0   Code   RO           71    i.ADC_Timer_Handler  source.o
    0x00000888   0x000000f0   Code   RO           72    i.ADC_Timer_Init    source.o
    0x00000978   0x000000ac   Code   RO           73    i.ADC_init          source.o
    0x00000a24   0x00000040   Code   RO           74    i.CalculateDistance  source.o
    0x00000a64   0x0000004c   Code   RO           75    i.CalculateVelocity  source.o
    0x00000ab0   0x00000098   Code   RO           76    i.EnableI2CModule0  source.o
    0x00000b48   0x000000b0   Code   RO           77    i.GPIOA_Handler     source.o
    0x00000bf8   0x00000028   Code   RO          768    i.GPIODirModeSet    driverlib.lib(gpio.o)
    0x00000c20   0x00000138   Code   RO          778    i.GPIOPadConfigSet  driverlib.lib(gpio.o)
    0x00000d58   0x00000044   Code   RO          779    i.GPIOPinConfigure  driverlib.lib(gpio.o)
    0x00000d9c   0x00000006   Code   RO          780    i.GPIOPinRead       driverlib.lib(gpio.o)
    0x00000da2   0x0000001c   Code   RO          781    i.GPIOPinTypeADC    driverlib.lib(gpio.o)
    0x00000dbe   0x0000001c   Code   RO          789    i.GPIOPinTypeGPIOInput  driverlib.lib(gpio.o)
    0x00000dda   0x0000001c   Code   RO          790    i.GPIOPinTypeGPIOOutput  driverlib.lib(gpio.o)
    0x00000df6   0x0000001c   Code   RO          802    i.GPIOPinTypeUART   driverlib.lib(gpio.o)
    0x00000e12   0x00000006   Code   RO          808    i.GPIOPinWrite      driverlib.lib(gpio.o)
    0x00000e18   0x00000064   Code   RO         1054    i.IntEnable         driverlib.lib(interrupt.o)
    0x00000e7c   0x0000000e   Code   RO         1057    i.IntMasterEnable   driverlib.lib(interrupt.o)
    0x00000e8a   0x00000002   PAD
    0x00000e8c   0x00000034   Code   RO         1066    i.IntRegister       driverlib.lib(interrupt.o)
    0x00000ec0   0x00000014   Code   RO         1068    i.IntUnregister     driverlib.lib(interrupt.o)
    0x00000ed4   0x0000002c   Code   RO           78    i.MoveDistance      source.o
    0x00000f00   0x000000e8   Code   RO           80    i.PortAInit         source.o
    0x00000fe8   0x00000028   Code   RO           81    i.PortB_Init        source.o
    0x00001010   0x000001e8   Code   RO           82    i.ReadAccel         source.o
    0x000011f8   0x000000a8   Code   RO           83    i.ReadAccelX        source.o
    0x000012a0   0x000000a8   Code   RO           84    i.ReadAccelY        source.o
    0x00001348   0x000000a8   Code   RO           85    i.ReadAccelZ        source.o
    0x000013f0   0x00000028   Code   RO           87    i.RelaysPorts_Init  source.o
    0x00001418   0x0000002c   Code   RO           88    i.ResetDistanceWheelRevs  source.o
    0x00001444   0x00000014   Code   RO           90    i.StartTimer2       source.o
    0x00001458   0x00000154   Code   RO         1172    i.SysCtlClockGet    driverlib.lib(sysctl.o)
    0x000015ac   0x00000120   Code   RO         1174    i.SysCtlClockSet    driverlib.lib(sysctl.o)
    0x000016cc   0x0000000c   Code   RO         1192    i.SysCtlLDOSleepSet  driverlib.lib(sysctl.o)
    0x000016d8   0x00000044   Code   RO         1199    i.SysCtlPeripheralClockGating  driverlib.lib(sysctl.o)
    0x0000171c   0x00000028   Code   RO         1203    i.SysCtlPeripheralEnable  driverlib.lib(sysctl.o)
    0x00001744   0x0000002c   Code   RO         1207    i.SysCtlPeripheralReady  driverlib.lib(sysctl.o)
    0x00001770   0x0000003c   Code   RO         1208    i.SysCtlPeripheralReset  driverlib.lib(sysctl.o)
    0x000017ac   0x00000028   Code   RO         1210    i.SysCtlPeripheralSleepEnable  driverlib.lib(sysctl.o)
    0x000017d4   0x0000000c   Code   RO         1218    i.SysCtlSleepPowerSet  driverlib.lib(sysctl.o)
    0x000017e0   0x0000000e   Code   RO         1517    i.SysTickDisable    driverlib.lib(systick.o)
    0x000017ee   0x0000000e   Code   RO         1518    i.SysTickEnable     driverlib.lib(systick.o)
    0x000017fc   0x0000000e   Code   RO         1519    i.SysTickIntDisable  driverlib.lib(systick.o)
    0x0000180a   0x0000000e   Code   RO         1520    i.SysTickIntEnable  driverlib.lib(systick.o)
    0x00001818   0x00000018   Code   RO         1521    i.SysTickIntRegister  driverlib.lib(systick.o)
    0x00001830   0x00000012   Code   RO         1522    i.SysTickIntUnregister  driverlib.lib(systick.o)
    0x00001842   0x0000000a   Code   RO         1524    i.SysTickPeriodSet  driverlib.lib(systick.o)
    0x0000184c   0x00000020   Code   RO           91    i.SysTickStopMotors_ISR  source.o
    0x0000186c   0x00000050   Code   RO           92    i.SysTickmoveTowardLight_ISR  source.o
    0x000018bc   0x00000098   Code   RO           13    i.SystemInit        system_tm4c123.o
    0x00001954   0x0000000c   Code   RO           93    i.SystickLineDetector_ISR  source.o
    0x00001960   0x000000bc   Code   RO           94    i.Systick_Init      source.o
    0x00001a1c   0x0000002c   Code   RO           95    i.TIMER2A_Handler   source.o
    0x00001a48   0x00000074   Code   RO           96    i.Timer2Init        source.o
    0x00001abc   0x00000060   Code   RO         1584    i.TimerConfigure    driverlib.lib(timer.o)
    0x00001b1c   0x0000000e   Code   RO         1593    i.TimerEnable       driverlib.lib(timer.o)
    0x00001b2a   0x00000004   Code   RO         1594    i.TimerIntClear     driverlib.lib(timer.o)
    0x00001b2e   0x00000008   Code   RO         1596    i.TimerIntEnable    driverlib.lib(timer.o)
    0x00001b36   0x00000002   PAD
    0x00001b38   0x00000068   Code   RO         1597    i.TimerIntRegister  driverlib.lib(timer.o)
    0x00001ba0   0x00000012   Code   RO         1602    i.TimerLoadSet      driverlib.lib(timer.o)
    0x00001bb2   0x00000002   PAD
    0x00001bb4   0x00000090   Code   RO           98    i.UART3_Init        source.o
    0x00001c44   0x0000000c   Code   RO         1828    i.UARTCharGet       driverlib.lib(uart.o)
    0x00001c50   0x0000000c   Code   RO         1830    i.UARTCharPut       driverlib.lib(uart.o)
    0x00001c5c   0x0000006e   Code   RO         1836    i.UARTConfigSetExpClk  driverlib.lib(uart.o)
    0x00001cca   0x00000014   Code   RO         1841    i.UARTEnable        driverlib.lib(uart.o)
    0x00001cde   0x0000000a   Code   RO         1843    i.UARTFIFODisable   driverlib.lib(uart.o)
    0x00001ce8   0x00000004   Code   RO         1849    i.UARTIntClear      driverlib.lib(uart.o)
    0x00001cec   0x00000008   Code   RO         1851    i.UARTIntEnable     driverlib.lib(uart.o)
    0x00001cf4   0x00000058   Code   RO         1852    i.UARTIntRegister   driverlib.lib(uart.o)
    0x00001d4c   0x00000024   Code   RO           99    i.UARTSend          source.o
    0x00001d70   0x00000040   Code   RO          100    i.WriteRegister     source.o
    0x00001db0   0x00000002   Code   RO         1069    i._IntDefaultHandler  driverlib.lib(interrupt.o)
    0x00001db2   0x00000014   Code   RO         2169    i.__hardfp_fabs     m_wm.l(fabs.o)
    0x00001dc6   0x00000002   PAD
    0x00001dc8   0x0000005c   Code   RO          101    i.bluetoothHandler  source.o
    0x00001e24   0x00000014   Code   RO          102    i.calculateObstacleDistance  source.o
    0x00001e38   0x00000060   Code   RO          103    i.exitCurrentMode   source.o
    0x00001e98   0x00000030   Code   RO          104    i.followLight       source.o
    0x00001ec8   0x0000006c   Code   RO          106    i.itos              source.o
    0x00001f34   0x00000028   Code   RO          107    i.lightSensorsInit  source.o
    0x00001f5c   0x00000214   Code   RO          108    i.lineDetector      source.o
    0x00002170   0x00000040   Code   RO          109    i.main              source.o
    0x000021b0   0x00000048   Code   RO          110    i.move              source.o
    0x000021f8   0x00000010   Code   RO          111    i.moveBackward      source.o
    0x00002208   0x00000010   Code   RO          112    i.moveBackwardLeft  source.o
    0x00002218   0x00000010   Code   RO          113    i.moveBackwardRight  source.o
    0x00002228   0x00000010   Code   RO          114    i.moveForward       source.o
    0x00002238   0x00000010   Code   RO          115    i.moveForwardLeft   source.o
    0x00002248   0x00000010   Code   RO          116    i.moveForwardRight  source.o
    0x00002258   0x00000010   Code   RO          117    i.moveLeft          source.o
    0x00002268   0x00000010   Code   RO          118    i.moveRight         source.o
    0x00002278   0x000000d8   Code   RO          119    i.parseCmd          source.o
    0x00002350   0x000002c4   Code   RO          121    i.query             source.o
    0x00002614   0x00000224   Code   RO          122    i.resolveCmd        source.o
    0x00002838   0x00000158   Code   RO          123    i.sendFloat         source.o
    0x00002990   0x00000124   Code   RO          124    i.sendInt           source.o
    0x00002ab4   0x00000074   Code   RO          125    i.setup             source.o
    0x00002b28   0x00000012   Code   RO          126    i.simpleControl     source.o
    0x00002b3a   0x00000010   Code   RO          127    i.stop              source.o
    0x00002b4a   0x00000002   PAD
    0x00002b4c   0x000000bc   Code   RO          128    i.stringToInt       source.o
    0x00002c08   0x00000062   Code   RO         2137    x$fpl$d2f           fz_wm.l(d2f.o)
    0x00002c6a   0x00000002   PAD
    0x00002c6c   0x00000150   Code   RO         2139    x$fpl$dadd          fz_wm.l(daddsub_clz.o)
    0x00002dbc   0x00000018   Code   RO         2176    x$fpl$dcmpinf       fz_wm.l(dcmpi.o)
    0x00002dd4   0x000002b0   Code   RO         2146    x$fpl$ddiv          fz_wm.l(ddiv.o)
    0x00003084   0x0000005e   Code   RO         2149    x$fpl$dfix          fz_wm.l(dfix.o)
    0x000030e2   0x00000002   PAD
    0x000030e4   0x0000005a   Code   RO         2153    x$fpl$dfixu         fz_wm.l(dfixu.o)
    0x0000313e   0x0000002e   Code   RO         2158    x$fpl$dflt          fz_wm.l(dflt_clz.o)
    0x0000316c   0x00000026   Code   RO         2157    x$fpl$dfltu         fz_wm.l(dflt_clz.o)
    0x00003192   0x00000002   PAD
    0x00003194   0x00000078   Code   RO         2163    x$fpl$dleqf         fz_wm.l(dleqf.o)
    0x0000320c   0x00000154   Code   RO         2165    x$fpl$dmul          fz_wm.l(dmul.o)
    0x00003360   0x0000009c   Code   RO         2178    x$fpl$dnaninf       fz_wm.l(dnaninf.o)
    0x000033fc   0x0000000c   Code   RO         2180    x$fpl$dretinf       fz_wm.l(dretinf.o)
    0x00003408   0x00000016   Code   RO         2140    x$fpl$drsb          fz_wm.l(daddsub_clz.o)
    0x0000341e   0x00000002   PAD
    0x00003420   0x000001d4   Code   RO         2141    x$fpl$dsub          fz_wm.l(daddsub_clz.o)
    0x000035f4   0x00000056   Code   RO         2167    x$fpl$f2d           fz_wm.l(f2d.o)
    0x0000364a   0x0000008c   Code   RO         2182    x$fpl$fnaninf       fz_wm.l(fnaninf.o)
    0x000036d6   0x0000000a   Code   RO         2269    x$fpl$fpinit        fz_wm.l(fpinit.o)
    0x000036e0   0x0000000a   Code   RO         2184    x$fpl$fretinf       fz_wm.l(fretinf.o)
    0x000036ea   0x00000000   Code   RO         2186    x$fpl$usenofp       fz_wm.l(usenofp.o)
    0x000036ea   0x00000002   PAD
    0x000036ec   0x00000010   Data   RO          130    .constdata          source.o
    0x000036fc   0x00000210   Data   RO          809    .constdata          driverlib.lib(gpio.o)
    0x0000390c   0x0000010c   Data   RO         1070    .constdata          driverlib.lib(interrupt.o)
    0x00003a18   0x00000254   Data   RO         1225    .constdata          driverlib.lib(sysctl.o)
    0x00003c6c   0x000000a0   Data   RO         1618    .constdata          driverlib.lib(timer.o)
    0x00003d0c   0x00000080   Data   RO         1869    .constdata          driverlib.lib(uart.o)
    0x00003d8c   0x00000020   Data   RO         2336    Region$$Table       anon$$obj.o


    Execution Region ER_RW (Base: 0x20000000, Size: 0x0000066c, Max: 0xffffffff, ABSOLUTE, COMPRESSED[0x0000001c])

    Base Addr    Size         Type   Attr      Idx    E Section Name        Object

    0x20000000   0x00000088   Data   RW          131    .data               source.o
    0x20000088   0x00000378   PAD
    0x20000400   0x0000026c   Data   RW         1071    vtable              driverlib.lib(interrupt.o)


    Execution Region ER_ZI (Base: 0x2000066c, Size: 0x000002a4, Max: 0xffffffff, ABSOLUTE)

    Base Addr    Size         Type   Attr      Idx    E Section Name        Object

    0x2000066c   0x00000040   Zero   RW          129    .bss                source.o
    0x200006ac   0x00000060   Zero   RW         2213    .bss                c_w.l(libspace.o)
    0x2000070c   0x00000004   PAD
    0x20000710   0x00000000   Zero   RW            2    HEAP                startup_tm4c123.o
    0x20000710   0x00000200   Zero   RW            1    STACK               startup_tm4c123.o


==============================================================================

Image component sizes


      Code (inc. data)   RO Data    RW Data    ZI Data      Debug   Object Name

      6910       1072         16        136         64      32909   source.o
       276         24        620          0        512       5396   startup_tm4c123.o
       152         40          0          0          0       4733   system_tm4c123.o

    ----------------------------------------------------------------------
      7340       1136        668       1024        576      43038   Object Totals
         0          0         32          0          0          0   (incl. Generated)
         2          0          0        888          0          0   (incl. Padding)

    ----------------------------------------------------------------------

      Code (inc. data)   RO Data    RW Data    ZI Data      Debug   Library Member Name

        58          0          0          0          0          0   __dczerorl.o
         8          0          0          0          0         68   __main.o
        52          8          0          0          0          0   __scatter.o
        28          0          0          0          0          0   __scatter_zi.o
        12          0          0          0          0         72   exit.o
         6          0          0          0          0        152   heapauxi.o
         0          0          0          0          0          0   indicate_semi.o
         2          0          0          0          0          0   libinit.o
         6          0          0          0          0          0   libinit2.o
         2          0          0          0          0          0   libshutdown.o
         2          0          0          0          0          0   libshutdown2.o
         8          4          0          0         96         68   libspace.o
         0          0          0          0          0          0   rtentry.o
        12          0          0          0          0          0   rtentry2.o
         6          0          0          0          0          0   rtentry4.o
         2          0          0          0          0          0   rtexit.o
        10          0          0          0          0          0   rtexit2.o
       128          0          0          0          0         68   strcmpv7m.o
        62          0          0          0          0         76   strlen.o
        12          4          0          0          0         68   sys_exit.o
        74          0          0          0          0         80   sys_stackheap_outer.o
         2          0          0          0          0         68   use_no_semi.o
       482         18          0          0          0       8765   adc.o
        38          0          0          0          0        572   cpu.o
       544          8        528          0          0       6202   gpio.o
       188         26        268        620          0       3576   interrupt.o
       910         88        596          0          0       7529   sysctl.o
       108          0          0          0          0       3347   systick.o
       244         24        160          0          0       4358   timer.o
       264         18        128          0          0       5326   uart.o
        98          4          0          0          0        140   d2f.o
       826         16          0          0          0        492   daddsub_clz.o
        24          0          0          0          0        116   dcmpi.o
       688        140          0          0          0        256   ddiv.o
        94          4          0          0          0        140   dfix.o
        90          4          0          0          0        140   dfixu.o
        84          0          0          0          0        232   dflt_clz.o
       120          4          0          0          0        140   dleqf.o
       340         12          0          0          0        152   dmul.o
       156          4          0          0          0        140   dnaninf.o
        12          0          0          0          0        116   dretinf.o
        86          4          0          0          0        132   f2d.o
       140          4          0          0          0        132   fnaninf.o
        10          0          0          0          0        116   fpinit.o
        10          0          0          0          0        116   fretinf.o
         0          0          0          0          0          0   usenofp.o
        20          0          0          0          0        124   fabs.o

    ----------------------------------------------------------------------
      6100        394       1680        620        100      43079   Library Totals
        32          0          0          0          4          0   (incl. Padding)

    ----------------------------------------------------------------------

      Code (inc. data)   RO Data    RW Data    ZI Data      Debug   Library Name

       492         16          0          0         96        720   c_w.l
      2778        182       1680        620          0      39675   driverlib.lib
      2778        196          0          0          0       2560   fz_wm.l
        20          0          0          0          0        124   m_wm.l

    ----------------------------------------------------------------------
      6100        394       1680        620        100      43079   Library Totals

    ----------------------------------------------------------------------

==============================================================================


      Code (inc. data)   RO Data    RW Data    ZI Data      Debug   

     13440       1530       2348       1644        676      74253   Grand Totals
     13440       1530       2348         28        676      74253   ELF Image Totals (compressed)
     13440       1530       2348         28          0          0   ROM Totals

==============================================================================

    Total RO  Size (Code + RO Data)                15788 (  15.42kB)
    Total RW  Size (RW Data + ZI Data)              2320 (   2.27kB)
    Total ROM Size (Code + RO Data + RW Data)      15816 (  15.45kB)

==============================================================================

